Component: ARM Compiler 5.06 update 6 (build 750) Tool: armlink [4d35ed]

==============================================================================

Section Cross References

    startup_stm32f103xb.o(STACK) refers (Special) to heapauxi.o(.text) for __use_two_region_memory
    startup_stm32f103xb.o(HEAP) refers (Special) to heapauxi.o(.text) for __use_two_region_memory
    startup_stm32f103xb.o(RESET) refers (Special) to heapauxi.o(.text) for __use_two_region_memory
    startup_stm32f103xb.o(RESET) refers to startup_stm32f103xb.o(STACK) for __initial_sp
    startup_stm32f103xb.o(RESET) refers to startup_stm32f103xb.o(.text) for Reset_Handler
    startup_stm32f103xb.o(RESET) refers to stm32f1xx_it.o(i.NMI_Handler) for NMI_Handler
    startup_stm32f103xb.o(RESET) refers to stm32f1xx_it.o(i.HardFault_Handler) for HardFault_Handler
    startup_stm32f103xb.o(RESET) refers to stm32f1xx_it.o(i.MemManage_Handler) for MemManage_Handler
    startup_stm32f103xb.o(RESET) refers to stm32f1xx_it.o(i.BusFault_Handler) for BusFault_Handler
    startup_stm32f103xb.o(RESET) refers to stm32f1xx_it.o(i.UsageFault_Handler) for UsageFault_Handler
    startup_stm32f103xb.o(RESET) refers to stm32f1xx_it.o(i.SVC_Handler) for SVC_Handler
    startup_stm32f103xb.o(RESET) refers to stm32f1xx_it.o(i.DebugMon_Handler) for DebugMon_Handler
    startup_stm32f103xb.o(RESET) refers to stm32f1xx_it.o(i.PendSV_Handler) for PendSV_Handler
    startup_stm32f103xb.o(RESET) refers to stm32f1xx_it.o(i.SysTick_Handler) for SysTick_Handler
    startup_stm32f103xb.o(RESET) refers to stm32f1xx_it.o(i.EXTI0_IRQHandler) for EXTI0_IRQHandler
    startup_stm32f103xb.o(RESET) refers to stm32f1xx_it.o(i.EXTI1_IRQHandler) for EXTI1_IRQHandler
    startup_stm32f103xb.o(RESET) refers to stm32f1xx_it.o(i.EXTI3_IRQHandler) for EXTI3_IRQHandler
    startup_stm32f103xb.o(RESET) refers to stm32f1xx_it.o(i.EXTI4_IRQHandler) for EXTI4_IRQHandler
    startup_stm32f103xb.o(RESET) refers to stm32f1xx_it.o(i.EXTI9_5_IRQHandler) for EXTI9_5_IRQHandler
    startup_stm32f103xb.o(RESET) refers to stm32f1xx_it.o(i.EXTI15_10_IRQHandler) for EXTI15_10_IRQHandler
    startup_stm32f103xb.o(.text) refers (Special) to heapauxi.o(.text) for __use_two_region_memory
    startup_stm32f103xb.o(.text) refers to system_stm32f1xx.o(i.SystemInit) for SystemInit
    startup_stm32f103xb.o(.text) refers to __main.o(!!!main) for __main
    startup_stm32f103xb.o(.text) refers to startup_stm32f103xb.o(HEAP) for Heap_Mem
    startup_stm32f103xb.o(.text) refers to startup_stm32f103xb.o(STACK) for Stack_Mem
    font.o(.constdata) refers to font.o(.constdata) for ascii_8x6
    font.o(.constdata) refers to font.o(.constdata) for ascii_12x6
    font.o(.constdata) refers to font.o(.constdata) for ascii_16x8
    font.o(.constdata) refers to font.o(.constdata) for ascii_24x12
    font.o(.constdata) refers to font.o(.constdata) for zh16x16
    font.o(.constdata) refers to font.o(.constdata) for afont16x8
    font.o(.constdata) refers to font.o(.constdata) for bilibiliData
    font.o(.constdata) refers to font.o(.constdata) for OLED_GameOverData
    font.o(.constdata) refers to font.o(.constdata) for OLED_GameBeginData
    oled.o(i.OLED_DisPlay_Off) refers to oled.o(i.OLED_SendCmd) for OLED_SendCmd
    oled.o(i.OLED_DisPlay_On) refers to oled.o(i.OLED_SendCmd) for OLED_SendCmd
    oled.o(i.OLED_DrawCircle) refers to oled.o(i.OLED_SetPixel) for OLED_SetPixel
    oled.o(i.OLED_DrawEllipse) refers to dflt_clz.o(x$fpl$dfltu) for __aeabi_ui2d
    oled.o(i.OLED_DrawEllipse) refers to daddsub_clz.o(x$fpl$drsb) for __aeabi_drsub
    oled.o(i.OLED_DrawEllipse) refers to dflt_clz.o(x$fpl$dflt) for __aeabi_i2d
    oled.o(i.OLED_DrawEllipse) refers to dmul.o(x$fpl$dmul) for __aeabi_dmul
    oled.o(i.OLED_DrawEllipse) refers to daddsub_clz.o(x$fpl$dadd) for __aeabi_dadd
    oled.o(i.OLED_DrawEllipse) refers to dfix.o(x$fpl$dfix) for __aeabi_d2iz
    oled.o(i.OLED_DrawEllipse) refers to oled.o(i.OLED_SetPixel) for OLED_SetPixel
    oled.o(i.OLED_DrawEllipse) refers to daddsub_clz.o(x$fpl$dsub) for __aeabi_dsub
    oled.o(i.OLED_DrawFilledCircle) refers to oled.o(i.OLED_SetPixel) for OLED_SetPixel
    oled.o(i.OLED_DrawFilledRectangle) refers to oled.o(i.OLED_DrawLine) for OLED_DrawLine
    oled.o(i.OLED_DrawFilledTriangle) refers to oled.o(i.OLED_DrawLine) for OLED_DrawLine
    oled.o(i.OLED_DrawImage) refers to oled.o(i.OLED_SetBlock) for OLED_SetBlock
    oled.o(i.OLED_DrawLine) refers to oled.o(i.OLED_SetPixel) for OLED_SetPixel
    oled.o(i.OLED_DrawLine) refers to oled.o(.data) for .data
    oled.o(i.OLED_DrawRectangle) refers to oled.o(i.OLED_DrawLine) for OLED_DrawLine
    oled.o(i.OLED_DrawTriangle) refers to oled.o(i.OLED_DrawLine) for OLED_DrawLine
    oled.o(i.OLED_Init) refers to oled.o(i.OLED_SendCmd) for OLED_SendCmd
    oled.o(i.OLED_Init) refers to oled.o(i.OLED_NewFrame) for OLED_NewFrame
    oled.o(i.OLED_Init) refers to oled.o(i.OLED_ShowFrame) for OLED_ShowFrame
[...]
    Removing stm32f1xx_hal_i2c.o(i.HAL_I2C_Slave_Seq_Transmit_DMA), (352 bytes).
    Removing stm32f1xx_hal_i2c.o(i.HAL_I2C_Slave_Seq_Transmit_IT), (116 bytes).
    Removing stm32f1xx_hal_i2c.o(i.HAL_I2C_Slave_Transmit), (348 bytes).
    Removing stm32f1xx_hal_i2c.o(i.HAL_I2C_Slave_Transmit_DMA), (228 bytes).
    Removing stm32f1xx_hal_i2c.o(i.HAL_I2C_Slave_Transmit_IT), (124 bytes).
    Removing stm32f1xx_hal_i2c.o(i.I2C_DMAAbort), (188 bytes).
    Removing stm32f1xx_hal_i2c.o(i.I2C_DMAError), (54 bytes).
    Removing stm32f1xx_hal_i2c.o(i.I2C_DMAXferCplt), (266 bytes).
    Removing stm32f1xx_hal_i2c.o(i.I2C_Flush_DR), (16 bytes).
    Removing stm32f1xx_hal_i2c.o(i.I2C_ITError), (344 bytes).
    Removing stm32f1xx_hal_i2c.o(i.I2C_MasterReceive_BTF), (210 bytes).
    Removing stm32f1xx_hal_i2c.o(i.I2C_MasterReceive_RXNE), (232 bytes).
    Removing stm32f1xx_hal_i2c.o(i.I2C_MasterRequestRead), (236 bytes).
    Removing stm32f1xx_hal_i2c.o(i.I2C_MasterTransmit_BTF), (130 bytes).
    Removing stm32f1xx_hal_i2c.o(i.I2C_MasterTransmit_TXE), (182 bytes).
    Removing stm32f1xx_hal_i2c.o(i.I2C_Master_ADDR), (344 bytes).
    Removing stm32f1xx_hal_i2c.o(i.I2C_Master_SB), (140 bytes).
    Removing stm32f1xx_hal_i2c.o(i.I2C_MemoryTransmit_TXE_BTF), (168 bytes).
    Removing stm32f1xx_hal_i2c.o(i.I2C_RequestMemoryRead), (252 bytes).
    Removing stm32f1xx_hal_i2c.o(i.I2C_RequestMemoryWrite), (168 bytes).
    Removing stm32f1xx_hal_i2c.o(i.I2C_Slave_ADDR), (70 bytes).
    Removing stm32f1xx_hal_i2c.o(i.I2C_Slave_AF), (144 bytes).
    Removing stm32f1xx_hal_i2c.o(i.I2C_Slave_STOPF), (348 bytes).
    Removing stm32f1xx_hal_i2c.o(i.I2C_WaitOnRXNEFlagUntilTimeout), (112 bytes).
    Removing stm32f1xx_hal.o(.rev16_text), (4 bytes).
    Removing stm32f1xx_hal.o(.revsh_text), (4 bytes).
    Removing stm32f1xx_hal.o(.rrx_text), (6 bytes).
    Removing stm32f1xx_hal.o(i.HAL_DBGMCU_DisableDBGSleepMode), (16 bytes).
    Removing stm32f1xx_hal.o(i.HAL_DBGMCU_DisableDBGStandbyMode), (16 bytes).
    Removing stm32f1xx_hal.o(i.HAL_DBGMCU_DisableDBGStopMode), (16 bytes).
    Removing stm32f1xx_hal.o(i.HAL_DBGMCU_EnableDBGSleepMode), (16 bytes).
    Removing stm32f1xx_hal.o(i.HAL_DBGMCU_EnableDBGStandbyMode), (16 bytes).
    Removing stm32f1xx_hal.o(i.HAL_DBGMCU_EnableDBGStopMode), (16 bytes).
    Removing stm32f1xx_hal.o(i.HAL_DeInit), (32 bytes).
    Removing stm32f1xx_hal.o(i.HAL_GetDEVID), (16 bytes).
    Removing stm32f1xx_hal.o(i.HAL_GetHalVersion), (8 bytes).
    Removing stm32f1xx_hal.o(i.HAL_GetREVID), (12 bytes).
    Removing stm32f1xx_hal.o(i.HAL_GetTickFreq), (12 bytes).
    Removing stm32f1xx_hal.o(i.HAL_GetTickPrio), (12 bytes).
    Removing stm32f1xx_hal.o(i.HAL_GetUIDw0), (12 bytes).
    Removing stm32f1xx_hal.o(i.HAL_GetUIDw1), (12 bytes).
    Removing stm32f1xx_hal.o(i.HAL_GetUIDw2), (12 bytes).
    Removing stm32f1xx_hal.o(i.HAL_MspDeInit), (2 bytes).
    Removing stm32f1xx_hal.o(i.HAL_MspInit), (2 bytes).
    Removing stm32f1xx_hal.o(i.HAL_ResumeTick), (14 bytes).
    Removing stm32f1xx_hal.o(i.HAL_SetTickFreq), (36 bytes).
    Removing stm32f1xx_hal.o(i.HAL_SuspendTick), (14 bytes).
    Removing stm32f1xx_hal_rcc.o(.rev16_text), (4 bytes).
    Removing stm32f1xx_hal_rcc.o(.revsh_text), (4 bytes).
    Removing stm32f1xx_hal_rcc.o(.rrx_text), (6 bytes).
    Removing stm32f1xx_hal_rcc.o(i.HAL_RCC_CSSCallback), (2 bytes).
    Removing stm32f1xx_hal_rcc.o(i.HAL_RCC_DeInit), (220 bytes).
    Removing stm32f1xx_hal_rcc.o(i.HAL_RCC_DisableCSS), (12 bytes).
    Removing stm32f1xx_hal_rcc.o(i.HAL_RCC_EnableCSS), (12 bytes).
    Removing stm32f1xx_hal_rcc.o(i.HAL_RCC_GetClockConfig), (64 bytes).
    Removing stm32f1xx_hal_rcc.o(i.HAL_RCC_GetHCLKFreq), (12 bytes).
    Removing stm32f1xx_hal_rcc.o(i.HAL_RCC_GetOscConfig), (144 bytes).
    Removing stm32f1xx_hal_rcc.o(i.HAL_RCC_GetPCLK2Freq), (32 bytes).
    Removing stm32f1xx_hal_rcc.o(i.HAL_RCC_MCOConfig), (72 bytes).
    Removing stm32f1xx_hal_rcc.o(i.HAL_RCC_NMI_IRQHandler), (24 bytes).
    Removing stm32f1xx_hal_rcc_ex.o(.rev16_text), (4 bytes).
    Removing stm32f1xx_hal_rcc_ex.o(.revsh_text), (4 bytes).
    Removing stm32f1xx_hal_rcc_ex.o(.rrx_text), (6 bytes).
    Removing stm32f1xx_hal_rcc_ex.o(i.HAL_RCCEx_GetPeriphCLKConfig), (44 bytes).
    Removing stm32f1xx_hal_rcc_ex.o(i.HAL_RCCEx_GetPeriphCLKFreq), (164 bytes).
    Removing stm32f1xx_hal_rcc_ex.o(i.HAL_RCCEx_PeriphCLKConfig), (236 bytes).
    Removing stm32f1xx_hal_rcc_ex.o(.constdata), (18 bytes).
    Removing stm32f1xx_hal_gpio.o(.rev16_text), (4 bytes).
    Removing stm32f1xx_hal_gpio.o(.revsh_text), (4 bytes).
    Removing stm32f1xx_hal_gpio.o(.rrx_text), (6 bytes).
    Removing stm32f1xx_hal_gpio.o(i.HAL_GPIO_DeInit), (280 bytes).
    Removing stm32f1xx_hal_gpio.o(i.HAL_GPIO_LockPin), (34 bytes).
    Removing stm32f1xx_hal_gpio.o(i.HAL_GPIO_ReadPin), (10 bytes).
    Removing stm32f1xx_hal_gpio.o(i.HAL_GPIO_TogglePin), (16 bytes).
    Removing stm32f1xx_hal_gpio.o(i.HAL_GPIO_WritePin), (10 bytes).
    Removing stm32f1xx_hal_dma.o(.rev16_text), (4 bytes).
    Removing stm32f1xx_hal_dma.o(.revsh_text), (4 bytes).
    Removing stm32f1xx_hal_dma.o(.rrx_text), (6 bytes).
    Removing stm32f1xx_hal_dma.o(i.DMA_SetConfig), (42 bytes).
    Removing stm32f1xx_hal_dma.o(i.HAL_DMA_Abort), (70 bytes).
    Removing stm32f1xx_hal_dma.o(i.HAL_DMA_Abort_IT), (152 bytes).
    Removing stm32f1xx_hal_dma.o(i.HAL_DMA_DeInit), (92 bytes).
    Removing stm32f1xx_hal_dma.o(i.HAL_DMA_GetError), (4 bytes).
    Removing stm32f1xx_hal_dma.o(i.HAL_DMA_GetState), (6 bytes).
    Removing stm32f1xx_hal_dma.o(i.HAL_DMA_IRQHandler), (340 bytes).
    Removing stm32f1xx_hal_dma.o(i.HAL_DMA_Init), (92 bytes).
    Removing stm32f1xx_hal_dma.o(i.HAL_DMA_PollForTransfer), (532 bytes).
    Removing stm32f1xx_hal_dma.o(i.HAL_DMA_RegisterCallback), (74 bytes).
    Removing stm32f1xx_hal_dma.o(i.HAL_DMA_Start), (80 bytes).
    Removing stm32f1xx_hal_dma.o(i.HAL_DMA_Start_IT), (112 bytes).
    Removing stm32f1xx_hal_dma.o(i.HAL_DMA_UnRegisterCallback), (82 bytes).
    Removing stm32f1xx_hal_cortex.o(.rev16_text), (4 bytes).
    Removing stm32f1xx_hal_cortex.o(.revsh_text), (4 bytes).
    Removing stm32f1xx_hal_cortex.o(.rrx_text), (6 bytes).
    Removing stm32f1xx_hal_cortex.o(i.HAL_NVIC_ClearPendingIRQ), (26 bytes).
    Removing stm32f1xx_hal_cortex.o(i.HAL_NVIC_DisableIRQ), (34 bytes).
    Removing stm32f1xx_hal_cortex.o(i.HAL_NVIC_GetActive), (36 bytes).
    Removing stm32f1xx_hal_cortex.o(i.HAL_NVIC_GetPendingIRQ), (36 bytes).
    Removing stm32f1xx_hal_cortex.o(i.HAL_NVIC_GetPriority), (82 bytes).
    Removing stm32f1xx_hal_cortex.o(i.HAL_NVIC_GetPriorityGrouping), (16 bytes).
    Removing stm32f1xx_hal_cortex.o(i.HAL_NVIC_SetPendingIRQ), (26 bytes).
    Removing stm32f1xx_hal_cortex.o(i.HAL_NVIC_SystemReset), (36 bytes).
    Removing stm32f1xx_hal_cortex.o(i.HAL_SYSTICK_CLKSourceConfig), (24 bytes).
    Removing stm32f1xx_hal_cortex.o(i.HAL_SYSTICK_Callback), (2 bytes).
    Removing stm32f1xx_hal_cortex.o(i.HAL_SYSTICK_IRQHandler), (8 bytes).
    Removing stm32f1xx_hal_pwr.o(.rev16_text), (4 bytes).
    Removing stm32f1xx_hal_pwr.o(.revsh_text), (4 bytes).
    Removing stm32f1xx_hal_pwr.o(.rrx_text), (6 bytes).
    Removing stm32f1xx_hal_pwr.o(i.HAL_PWR_ConfigPVD), (124 bytes).
    Removing stm32f1xx_hal_pwr.o(i.HAL_PWR_DeInit), (24 bytes).
    Removing stm32f1xx_hal_pwr.o(i.HAL_PWR_DisableBkUpAccess), (12 bytes).
    Removing stm32f1xx_hal_pwr.o(i.HAL_PWR_DisablePVD), (12 bytes).
    Removing stm32f1xx_hal_pwr.o(i.HAL_PWR_DisableSEVOnPend), (16 bytes).
    Removing stm32f1xx_hal_pwr.o(i.HAL_PWR_DisableSleepOnExit), (16 bytes).
    Removing stm32f1xx_hal_pwr.o(i.HAL_PWR_DisableWakeUpPin), (28 bytes).
    Removing stm32f1xx_hal_pwr.o(i.HAL_PWR_EnableBkUpAccess), (12 bytes).
    Removing stm32f1xx_hal_pwr.o(i.HAL_PWR_EnablePVD), (12 bytes).
    Removing stm32f1xx_hal_pwr.o(i.HAL_PWR_EnableSEVOnPend), (16 bytes).
    Removing stm32f1xx_hal_pwr.o(i.HAL_PWR_EnableSleepOnExit), (16 bytes).
    Removing stm32f1xx_hal_pwr.o(i.HAL_PWR_EnableWakeUpPin), (28 bytes).
    Removing stm32f1xx_hal_pwr.o(i.HAL_PWR_EnterSLEEPMode), (32 bytes).
    Removing stm32f1xx_hal_pwr.o(i.HAL_PWR_EnterSTANDBYMode), (32 bytes).
    Removing stm32f1xx_hal_pwr.o(i.HAL_PWR_EnterSTOPMode), (68 bytes).
    Removing stm32f1xx_hal_pwr.o(i.HAL_PWR_PVDCallback), (2 bytes).
    Removing stm32f1xx_hal_pwr.o(i.HAL_PWR_PVD_IRQHandler), (28 bytes).
    Removing stm32f1xx_hal_pwr.o(i.PWR_OverloadWfe), (6 bytes).
    Removing stm32f1xx_hal_flash.o(.rev16_text), (4 bytes).
    Removing stm32f1xx_hal_flash.o(.revsh_text), (4 bytes).
    Removing stm32f1xx_hal_flash.o(.rrx_text), (6 bytes).
    Removing stm32f1xx_hal_flash.o(i.FLASH_Program_HalfWord), (28 bytes).
    Removing stm32f1xx_hal_flash.o(i.FLASH_SetErrorCode), (92 bytes).
    Removing stm32f1xx_hal_flash.o(i.FLASH_WaitForLastOperation), (84 bytes).
    Removing stm32f1xx_hal_flash.o(i.HAL_FLASH_EndOfOperationCallback), (2 bytes).
    Removing stm32f1xx_hal_flash.o(i.HAL_FLASH_GetError), (12 bytes).
    Removing stm32f1xx_hal_flash.o(i.HAL_FLASH_IRQHandler), (264 bytes).
    Removing stm32f1xx_hal_flash.o(i.HAL_FLASH_Lock), (20 bytes).
    Removing stm32f1xx_hal_flash.o(i.HAL_FLASH_OB_Launch), (4 bytes).
    Removing stm32f1xx_hal_flash.o(i.HAL_FLASH_OB_Lock), (20 bytes).
    Removing stm32f1xx_hal_flash.o(i.HAL_FLASH_OB_Unlock), (36 bytes).
    Removing stm32f1xx_hal_flash.o(i.HAL_FLASH_OperationErrorCallback), (2 bytes).
    Removing stm32f1xx_hal_flash.o(i.HAL_FLASH_Program), (128 bytes).
    Removing stm32f1xx_hal_flash.o(i.HAL_FLASH_Program_IT), (100 bytes).
    Removing stm32f1xx_hal_flash.o(i.HAL_FLASH_Unlock), (40 bytes).
    Removing stm32f1xx_hal_flash.o(.bss), (32 bytes).
    Removing stm32f1xx_hal_flash_ex.o(.rev16_text), (4 bytes).
    Removing stm32f1xx_hal_flash_ex.o(.revsh_text), (4 bytes).
    Removing stm32f1xx_hal_flash_ex.o(.rrx_text), (6 bytes).
    Removing stm32f1xx_hal_flash_ex.o(i.FLASH_MassErase), (36 bytes).
    Removing stm32f1xx_hal_flash_ex.o(i.FLASH_OB_DisableWRP), (176 bytes).
    Removing stm32f1xx_hal_flash_ex.o(i.FLASH_OB_EnableWRP), (176 bytes).
    Removing stm32f1xx_hal_flash_ex.o(i.FLASH_OB_GetRDP), (24 bytes).
    Removing stm32f1xx_hal_flash_ex.o(i.FLASH_OB_RDP_LevelConfig), (100 bytes).
    Removing stm32f1xx_hal_flash_ex.o(i.FLASH_PageErase), (36 bytes).
    Removing stm32f1xx_hal_flash_ex.o(i.HAL_FLASHEx_Erase), (168 bytes).
    Removing stm32f1xx_hal_flash_ex.o(i.HAL_FLASHEx_Erase_IT), (84 bytes).
    Removing stm32f1xx_hal_flash_ex.o(i.HAL_FLASHEx_OBErase), (84 bytes).
    Removing stm32f1xx_hal_flash_ex.o(i.HAL_FLASHEx_OBGetConfig), (36 bytes).
    Removing stm32f1xx_hal_flash_ex.o(i.HAL_FLASHEx_OBGetUserData), (32 bytes).
    Removing stm32f1xx_hal_flash_ex.o(i.HAL_FLASHEx_OBProgram), (200 bytes).
    Removing stm32f1xx_hal_exti.o(.rev16_text), (4 bytes).
    Removing stm32f1xx_hal_exti.o(.revsh_text), (4 bytes).
    Removing stm32f1xx_hal_exti.o(.rrx_text), (6 bytes).
    Removing stm32f1xx_hal_exti.o(i.HAL_EXTI_ClearConfigLine), (104 bytes).
    Removing stm32f1xx_hal_exti.o(i.HAL_EXTI_ClearPending), (20 bytes).
    Removing stm32f1xx_hal_exti.o(i.HAL_EXTI_GenerateSWI), (20 bytes).
    Removing stm32f1xx_hal_exti.o(i.HAL_EXTI_GetConfigLine), (140 bytes).
    Removing stm32f1xx_hal_exti.o(i.HAL_EXTI_GetHandle), (12 bytes).
    Removing stm32f1xx_hal_exti.o(i.HAL_EXTI_GetPending), (24 bytes).
    Removing stm32f1xx_hal_exti.o(i.HAL_EXTI_IRQHandler), (36 bytes).
    Removing stm32f1xx_hal_exti.o(i.HAL_EXTI_RegisterCallback), (14 bytes).
    Removing stm32f1xx_hal_exti.o(i.HAL_EXTI_SetConfigLine), (164 bytes).
    Removing stm32f1xx_hal_tim.o(.rev16_text), (4 bytes).
    Removing stm32f1xx_hal_tim.o(.revsh_text), (4 bytes).
    Removing stm32f1xx_hal_tim.o(.rrx_text), (6 bytes).
    Removing stm32f1xx_hal_tim_ex.o(.rev16_text), (4 bytes).
    Removing stm32f1xx_hal_tim_ex.o(.revsh_text), (4 bytes).
    Removing stm32f1xx_hal_tim_ex.o(.rrx_text), (6 bytes).
    Removing system_stm32f1xx.o(.rev16_text), (4 bytes).
    Removing system_stm32f1xx.o(.revsh_text), (4 bytes).
    Removing system_stm32f1xx.o(.rrx_text), (6 bytes).
    Removing system_stm32f1xx.o(i.SystemCoreClockUpdate), (104 bytes).

272 unused section(s) (total 24684 bytes) removed from the image.

==============================================================================

Image Symbol Table

    Local Symbols

    Symbol Name                              Value     Ov Type        Size  Object(Section)

    ../Core/Src/gpio.c                       0x00000000   Number         0  gpio.o ABSOLUTE
    ../Core/Src/i2c.c                        0x00000000   Number         0  i2c.o ABSOLUTE
    ../Core/Src/main.c                       0x00000000   Number         0  main.o ABSOLUTE
    ../Core/Src/stm32f1xx_hal_msp.c          0x00000000   Number         0  stm32f1xx_hal_msp.o ABSOLUTE
    ../Core/Src/stm32f1xx_it.c               0x00000000   Number         0  stm32f1xx_it.o ABSOLUTE
    ../Core/Src/system_stm32f1xx.c           0x00000000   Number         0  system_stm32f1xx.o ABSOLUTE
    ../Drivers/STM32F1xx_HAL_Driver/Src/stm32f1xx_hal.c 0x00000000   Number         0  stm32f1xx_hal.o ABSOLUTE
    ../Drivers/STM32F1xx_HAL_Driver/Src/stm32f1xx_hal_cortex.c 0x00000000   Number         0  stm32f1xx_hal_cortex.o ABSOLUTE
    ../Drivers/STM32F1xx_HAL_Driver/Src/stm32f1xx_hal_dma.c 0x00000000   Number         0  stm32f1xx_hal_dma.o ABSOLUTE
    ../Drivers/STM32F1xx_HAL_Driver/Src/stm32f1xx_hal_exti.c 0x00000000   Number         0  stm32f1xx_hal_exti.o ABSOLUTE
    ../Drivers/STM32F1xx_HAL_Driver/Src/stm32f1xx_hal_flash.c 0x00000000   Number         0  stm32f1xx_hal_flash.o ABSOLUTE
    ../Drivers/STM32F1xx_HAL_Driver/Src/stm32f1xx_hal_flash_ex.c 0x00000000   Number         0  stm32f1xx_hal_flash_ex.o ABSOLUTE
    ../Drivers/STM32F1xx_HAL_Driver/Src/stm32f1xx_hal_gpio.c 0x00000000   Number         0  stm32f1xx_hal_gpio.o ABSOLUTE
    ../Drivers/STM32F1xx_HAL_Driver/Src/stm32f1xx_hal_gpio_ex.c 0x00000000   Number         0  stm32f1xx_hal_gpio_ex.o ABSOLUTE
    ../Drivers/STM32F1xx_HAL_Driver/Src/stm32f1xx_hal_i2c.c 0x00000000   Number         0  stm32f1xx_hal_i2c.o ABSOLUTE
    ../Drivers/STM32F1xx_HAL_Driver/Src/stm32f1xx_hal_pwr.c 0x00000000   Number         0  stm32f1xx_hal_pwr.o ABSOLUTE
    ../Drivers/STM32F1xx_HAL_Driver/Src/stm32f1xx_hal_rcc.c 0x00000000   Number         0  stm32f1xx_hal_rcc.o ABSOLUTE
    ../Drivers/STM32F1xx_HAL_Driver/Src/stm32f1xx_hal_rcc_ex.c 0x00000000   Number         0  stm32f1xx_hal_rcc_ex.o ABSOLUTE
    ../Drivers/STM32F1xx_HAL_Driver/Src/stm32f1xx_hal_tim.c 0x00000000   Number         0  stm32f1xx_hal_tim.o ABSOLUTE
    ../Drivers/STM32F1xx_HAL_Driver/Src/stm32f1xx_hal_tim_ex.c 0x00000000   Number         0  stm32f1xx_hal_tim_ex.o ABSOLUTE
    ../clib/angel/boardlib.s                 0x00000000   Number         0  boardinit1.o ABSOLUTE
    ../clib/angel/boardlib.s                 0x00000000   Number         0  boardshut.o ABSOLUTE
    ../clib/angel/boardlib.s                 0x00000000   Number         0  boardinit2.o ABSOLUTE
    ../clib/angel/boardlib.s                 0x00000000   Number         0  boardinit3.o ABSOLUTE
    ../clib/angel/handlers.s                 0x00000000   Number         0  __scatter_copy.o ABSOLUTE
    ../clib/angel/handlers.s                 0x00000000   Number         0  __scatter_zi.o ABSOLUTE
    ../clib/angel/kernel.s                   0x00000000   Number         0  __rtentry4.o ABSOLUTE
    ../clib/angel/kernel.s                   0x00000000   Number         0  __rtentry2.o ABSOLUTE
    ../clib/angel/kernel.s                   0x00000000   Number         0  rtexit2.o ABSOLUTE
    ../clib/angel/kernel.s                   0x00000000   Number         0  __rtentry.o ABSOLUTE
    ../clib/angel/kernel.s                   0x00000000   Number         0  rtexit.o ABSOLUTE
    ../clib/angel/rt.s                       0x00000000   Number         0  rt_raise.o ABSOLUTE
    ../clib/angel/scatter.s                  0x00000000   Number         0  __scatter.o ABSOLUTE
    ../clib/angel/startup.s                  0x00000000   Number         0  __main.o ABSOLUTE
    ../clib/angel/sys.s                      0x00000000   Number         0  indicate_semi.o ABSOLUTE
    ../clib/angel/sys.s                      0x00000000   Number         0  use_no_semi.o ABSOLUTE
    ../clib/angel/sys.s                      0x00000000   Number         0  libspace.o ABSOLUTE
    ../clib/angel/sys.s                      0x00000000   Number         0  sys_stackheap_outer.o ABSOLUTE
    ../clib/angel/sysapp.c                   0x00000000   Number         0  sys_wrch.o ABSOLUTE
    ../clib/angel/sysapp.c                   0x00000000   Number         0  sys_command.o ABSOLUTE
    ../clib/angel/sysapp.c                   0x00000000   Number         0  sys_exit.o ABSOLUTE
    ../clib/armsys.c                         0x00000000   Number         0  no_argv.o ABSOLUTE
    ../clib/armsys.c                         0x00000000   Number         0  _get_argv_nomalloc.o ABSOLUTE
    ../clib/armsys.c                         0x00000000   Number         0  argv_veneer.o ABSOLUTE
    ../clib/armsys.c                         0x00000000   Number         0  argv_veneer.o ABSOLUTE
    ../clib/heapalloc.c                      0x00000000   Number         0  hrguard.o ABSOLUTE
    ../clib/heapaux.c                        0x00000000   Number         0  heapauxi.o ABSOLUTE
    ../clib/libinit.s                        0x00000000   Number         0  libinit.o ABSOLUTE
    ../clib/libinit.s                        0x00000000   Number         0  libshutdown2.o ABSOLUTE
    ../clib/libinit.s                        0x00000000   Number         0  libshutdown.o ABSOLUTE
    ../clib/libinit.s                        0x00000000   Number         0  libinit2.o ABSOLUTE
    ../clib/longlong.s                       0x00000000   Number         0  llushr.o ABSOLUTE
    ../clib/memcpset.s                       0x00000000   Number         0  rt_memcpy_v6.o ABSOLUTE
    ../clib/memcpset.s                       0x00000000   Number         0  rt_memclr.o ABSOLUTE
    ../clib/memcpset.s                       0x00000000   Number         0  rt_memclr_w.o ABSOLUTE
    ../clib/memcpset.s                       0x00000000   Number         0  rt_memcpy_w.o ABSOLUTE
    ../clib/printf.c                         0x00000000   Number         0  __printf_flags_ss_wp.o ABSOLUTE
    ../clib/printf.c                         0x00000000   Number         0  __printf_ss_wp.o ABSOLUTE
    ../clib/printf.c                         0x00000000   Number         0  __printf_flags_wp.o ABSOLUTE
    ../clib/printf.c                         0x00000000   Number         0  __printf_wp.o ABSOLUTE
    ../clib/printf.c                         0x00000000   Number         0  __printf_flags_ss.o ABSOLUTE
    ../clib/printf.c                         0x00000000   Number         0  __printf_nopercent.o ABSOLUTE
    ../clib/printf.c                         0x00000000   Number         0  __printf_ss.o ABSOLUTE
    ../clib/printf.c                         0x00000000   Number         0  __printf_flags.o ABSOLUTE
    ../clib/printf.c                         0x00000000   Number         0  _printf_dec.o ABSOLUTE
    ../clib/printf.c                         0x00000000   Number         0  __printf.o ABSOLUTE
    ../clib/printf.c                         0x00000000   Number         0  __2sprintf.o ABSOLUTE
    ../clib/printf.c                         0x00000000   Number         0  _sputc.o ABSOLUTE
    ../clib/printf.c                         0x00000000   Number         0  _printf_char_common.o ABSOLUTE
    ../clib/printf.c                         0x00000000   Number         0  noretval__2sprintf.o ABSOLUTE
    ../clib/printf.c                         0x00000000   Number         0  _printf_intcommon.o ABSOLUTE
    ../clib/printf_percent.s                 0x00000000   Number         0  _printf_percent.o ABSOLUTE
    ../clib/printf_percent.s                 0x00000000   Number         0  _printf_d.o ABSOLUTE
    ../clib/printf_percent.s                 0x00000000   Number         0  _printf_percent_end.o ABSOLUTE
    ../clib/signal.c                         0x00000000   Number         0  defsig_general.o ABSOLUTE
    ../clib/signal.c                         0x00000000   Number         0  __raise.o ABSOLUTE
    ../clib/signal.c                         0x00000000   Number         0  defsig_rtmem_inner.o ABSOLUTE
    ../clib/signal.c                         0x00000000   Number         0  defsig_rtmem_formal.o ABSOLUTE
    ../clib/signal.c                         0x00000000   Number         0  defsig_rtmem_outer.o ABSOLUTE
    ../clib/signal.c                         0x00000000   Number         0  defsig_other.o ABSOLUTE
    ../clib/signal.c                         0x00000000   Number         0  defsig_segv_inner.o ABSOLUTE
    ../clib/signal.c                         0x00000000   Number         0  defsig_cppl_inner.o ABSOLUTE
    ../clib/signal.c                         0x00000000   Number         0  defsig_pvfn_inner.o ABSOLUTE
    ../clib/signal.c                         0x00000000   Number         0  defsig_stak_inner.o ABSOLUTE
    ../clib/signal.c                         0x00000000   Number         0  defsig_rtred_inner.o ABSOLUTE
    ../clib/signal.c                         0x00000000   Number         0  defsig_fpe_inner.o ABSOLUTE
    ../clib/signal.c                         0x00000000   Number         0  defsig_abrt_inner.o ABSOLUTE
    ../clib/signal.c                         0x00000000   Number         0  defsig_exit.o ABSOLUTE
    ../clib/signal.s                         0x00000000   Number         0  defsig.o ABSOLUTE
    ../clib/stdlib.c                         0x00000000   Number         0  rand.o ABSOLUTE
    ../clib/stdlib.c                         0x00000000   Number         0  rand.o ABSOLUTE
    ../clib/stdlib.c                         0x00000000   Number         0  exit.o ABSOLUTE
    ../clib/string.c                         0x00000000   Number         0  memcmp.o ABSOLUTE
    ../fplib/daddsub.s                       0x00000000   Number         0  daddsub_clz.o ABSOLUTE
    ../fplib/dfix.s                          0x00000000   Number         0  dfix.o ABSOLUTE
    ../fplib/dflt.s                          0x00000000   Number         0  dflt_clz.o ABSOLUTE
    ../fplib/dmul.s                          0x00000000   Number         0  dmul.o ABSOLUTE
    ../fplib/dnaninf.s                       0x00000000   Number         0  dnaninf.o ABSOLUTE
    ../fplib/dretinf.s                       0x00000000   Number         0  dretinf.o ABSOLUTE
    ../fplib/fpinit.s                        0x00000000   Number         0  fpinit.o ABSOLUTE
    ../fplib/usenofp.s                       0x00000000   Number         0  usenofp.o ABSOLUTE
    ..\Core\Src\gpio.c                       0x00000000   Number         0  gpio.o ABSOLUTE
    ..\Core\Src\i2c.c                        0x00000000   Number         0  i2c.o ABSOLUTE
    ..\Core\Src\main.c                       0x00000000   Number         0  main.o ABSOLUTE
    ..\Core\Src\stm32f1xx_hal_msp.c          0x00000000   Number         0  stm32f1xx_hal_msp.o ABSOLUTE
    ..\Core\Src\stm32f1xx_it.c               0x00000000   Number         0  stm32f1xx_it.o ABSOLUTE
    ..\Core\Src\system_stm32f1xx.c           0x00000000   Number         0  system_stm32f1xx.o ABSOLUTE
    ..\Drivers\STM32F1xx_HAL_Driver\Src\stm32f1xx_hal.c 0x00000000   Number         0  stm32f1xx_hal.o ABSOLUTE
    ..\Drivers\STM32F1xx_HAL_Driver\Src\stm32f1xx_hal_cortex.c 0x00000000   Number         0  stm32f1xx_hal_cortex.o ABSOLUTE
    ..\Drivers\STM32F1xx_HAL_Driver\Src\stm32f1xx_hal_dma.c 0x00000000   Number         0  stm32f1xx_hal_dma.o ABSOLUTE
    ..\Drivers\STM32F1xx_HAL_Driver\Src\stm32f1xx_hal_exti.c 0x00000000   Number         0  stm32f1xx_hal_exti.o ABSOLUTE
    ..\Drivers\STM32F1xx_HAL_Driver\Src\stm32f1xx_hal_flash.c 0x00000000   Number         0  stm32f1xx_hal_flash.o ABSOLUTE
    ..\Drivers\STM32F1xx_HAL_Driver\Src\stm32f1xx_hal_flash_ex.c 0x00000000   Number         0  stm32f1xx_hal_flash_ex.o ABSOLUTE
    ..\Drivers\STM32F1xx_HAL_Driver\Src\stm32f1xx_hal_gpio.c 0x00000000   Number         0  stm32f1xx_hal_gpio.o ABSOLUTE
    ..\Drivers\STM32F1xx_HAL_Driver\Src\stm32f1xx_hal_gpio_ex.c 0x00000000   Number         0  stm32f1xx_hal_gpio_ex.o ABSOLUTE
    ..\Drivers\STM32F1xx_HAL_Driver\Src\stm32f1xx_hal_i2c.c 0x00000000   Number         0  stm32f1xx_hal_i2c.o ABSOLUTE
    ..\Drivers\STM32F1xx_HAL_Driver\Src\stm32f1xx_hal_pwr.c 0x00000000   Number         0  stm32f1xx_hal_pwr.o ABSOLUTE
    ..\Drivers\STM32F1xx_HAL_Driver\Src\stm32f1xx_hal_rcc.c 0x00000000   Number         0  stm32f1xx_hal_rcc.o ABSOLUTE
    ..\Drivers\STM32F1xx_HAL_Driver\Src\stm32f1xx_hal_rcc_ex.c 0x00000000   Number         0  stm32f1xx_hal_rcc_ex.o ABSOLUTE
    ..\Drivers\STM32F1xx_HAL_Driver\Src\stm32f1xx_hal_tim.c 0x00000000   Number         0  stm32f1xx_hal_tim.o ABSOLUTE
    ..\Drivers\STM32F1xx_HAL_Driver\Src\stm32f1xx_hal_tim_ex.c 0x00000000   Number         0  stm32f1xx_hal_tim_ex.o ABSOLUTE
    dc.s                                     0x00000000   Number         0  dc.o ABSOLUTE
    font.c                                   0x00000000   Number         0  font.o ABSOLUTE
    oled.c                                   0x00000000   Number         0  oled.o ABSOLUTE
    oled.c                                   0x00000000   Number         0  oled.o ABSOLUTE
    startup_stm32f103xb.s                    0x00000000   Number         0  startup_stm32f103xb.o ABSOLUTE
    RESET                                    0x08000000   Section      236  startup_stm32f103xb.o(RESET)
    !!!main                                  0x080000ec   Section        8  __main.o(!!!main)
    !!!scatter                               0x080000f4   Section       52  __scatter.o(!!!scatter)
    !!handler_copy                           0x08000128   Section       26  __scatter_copy.o(!!handler_copy)
    !!handler_zi                             0x08000144   Section       28  __scatter_zi.o(!!handler_zi)
    .ARM.Collect$$_printf_percent$$00000000  0x08000160   Section        0  _printf_percent.o(.ARM.Collect$$_printf_percent$$00000000)
    .ARM.Collect$$_printf_percent$$00000009  0x08000160   Section        6  _printf_d.o(.ARM.Collect$$_printf_percent$$00000009)
    .ARM.Collect$$_printf_percent$$00000017  0x08000166   Section        4  _printf_percent_end.o(.ARM.Collect$$_printf_percent$$00000017)
    .ARM.Collect$$libinit$$00000000          0x0800016a   Section        2  libinit.o(.ARM.Collect$$libinit$$00000000)
    .ARM.Collect$$libinit$$00000002          0x0800016c   Section        0  libinit2.o(.ARM.Collect$$libinit$$00000002)
    .ARM.Collect$$libinit$$00000004          0x0800016c   Section        0  libinit2.o(.ARM.Collect$$libinit$$00000004)
    .ARM.Collect$$libinit$$0000000A          0x0800016c   Section        0  libinit2.o(.ARM.Collect$$libinit$$0000000A)
    .ARM.Collect$$libinit$$0000000C          0x0800016c   Section        0  libinit2.o(.ARM.Collect$$libinit$$0000000C)
    .ARM.Collect$$libinit$$0000000D          0x0800016c   Section        4  libinit2.o(.ARM.Collect$$libinit$$0000000D)
    .ARM.Collect$$libinit$$0000000E          0x08000170   Section        0  libinit2.o(.ARM.Collect$$libinit$$0000000E)
    .ARM.Collect$$libinit$$00000011          0x08000170   Section        0  libinit2.o(.ARM.Collect$$libinit$$00000011)
    .ARM.Collect$$libinit$$00000013          0x08000170   Section        0  libinit2.o(.ARM.Collect$$libinit$$00000013)
    .ARM.Collect$$libinit$$00000015          0x08000170   Section        0  libinit2.o(.ARM.Collect$$libinit$$00000015)
    .ARM.Collect$$libinit$$00000017          0x08000170   Section        0  libinit2.o(.ARM.Collect$$libinit$$00000017)
    .ARM.Collect$$libinit$$00000019          0x08000170   Section        0  libinit2.o(.ARM.Collect$$libinit$$00000019)
    .ARM.Collect$$libinit$$0000001B          0x08000170   Section        0  libinit2.o(.ARM.Collect$$libinit$$0000001B)
    .ARM.Collect$$libinit$$0000001D          0x08000170   Section        0  libinit2.o(.ARM.Collect$$libinit$$0000001D)
    .ARM.Collect$$libinit$$0000001F          0x08000170   Section        0  libinit2.o(.ARM.Collect$$libinit$$0000001F)
    .ARM.Collect$$libinit$$00000021          0x08000170   Section        0  libinit2.o(.ARM.Collect$$libinit$$00000021)
    .ARM.Collect$$libinit$$00000023          0x08000170   Section        0  libinit2.o(.ARM.Collect$$libinit$$00000023)
    .ARM.Collect$$libinit$$00000025          0x08000170   Section        0  libinit2.o(.ARM.Collect$$libinit$$00000025)
    .ARM.Collect$$libinit$$0000002C          0x08000170   Section        0  libinit2.o(.ARM.Collect$$libinit$$0000002C)
    .ARM.Collect$$libinit$$0000002E          0x08000170   Section        0  libinit2.o(.ARM.Collect$$libinit$$0000002E)
    .ARM.Collect$$libinit$$00000030          0x08000170   Section        0  libinit2.o(.ARM.Collect$$libinit$$00000030)
    .ARM.Collect$$libinit$$00000032          0x08000170   Section        0  libinit2.o(.ARM.Collect$$libinit$$00000032)
    .ARM.Collect$$libinit$$00000033          0x08000170   Section        2  libinit2.o(.ARM.Collect$$libinit$$00000033)
    .ARM.Collect$$libshutdown$$00000000      0x08000172   Section        2  libshutdown.o(.ARM.Collect$$libshutdown$$00000000)
    .ARM.Collect$$libshutdown$$00000002      0x08000174   Section        0  libshutdown2.o(.ARM.Collect$$libshutdown$$00000002)
    .ARM.Collect$$libshutdown$$00000004      0x08000174   Section        0  libshutdown2.o(.ARM.Collect$$libshutdown$$00000004)
    .ARM.Collect$$libshutdown$$00000007      0x08000174   Section        0  libshutdown2.o(.ARM.Collect$$libshutdown$$00000007)
    .ARM.Collect$$libshutdown$$0000000A      0x08000174   Section        0  libshutdown2.o(.ARM.Collect$$libshutdown$$0000000A)
    .ARM.Collect$$libshutdown$$0000000C      0x08000174   Section        0  libshutdown2.o(.ARM.Collect$$libshutdown$$0000000C)
    .ARM.Collect$$libshutdown$$0000000F      0x08000174   Section        0  libshutdown2.o(.ARM.Collect$$libshutdown$$0000000F)
    .ARM.Collect$$libshutdown$$00000010      0x08000174   Section        2  libshutdown2.o(.ARM.Collect$$libshutdown$$00000010)
    .ARM.Collect$$rtentry$$00000000          0x08000176   Section        0  __rtentry.o(.ARM.Collect$$rtentry$$00000000)
    .ARM.Collect$$rtentry$$00000002          0x08000176   Section        0  __rtentry2.o(.ARM.Collect$$rtentry$$00000002)
    .ARM.Collect$$rtentry$$00000004          0x08000176   Section        6  __rtentry4.o(.ARM.Collect$$rtentry$$00000004)
    .ARM.Collect$$rtentry$$00000009          0x0800017c   Section        0  __rtentry2.o(.ARM.Collect$$rtentry$$00000009)
    .ARM.Collect$$rtentry$$0000000A          0x0800017c   Section        4  __rtentry2.o(.ARM.Collect$$rtentry$$0000000A)
    .ARM.Collect$$rtentry$$0000000C          0x08000180   Section        0  __rtentry2.o(.ARM.Collect$$rtentry$$0000000C)
    .ARM.Collect$$rtentry$$0000000D          0x08000180   Section        8  __rtentry2.o(.ARM.Collect$$rtentry$$0000000D)
    .ARM.Collect$$rtexit$$00000000           0x08000188   Section        2  rtexit.o(.ARM.Collect$$rtexit$$00000000)
    .ARM.Collect$$rtexit$$00000002           0x0800018a   Section        0  rtexit2.o(.ARM.Collect$$rtexit$$00000002)
    .ARM.Collect$$rtexit$$00000003           0x0800018a   Section        4  rtexit2.o(.ARM.Collect$$rtexit$$00000003)
    .ARM.Collect$$rtexit$$00000004           0x0800018e   Section        6  rtexit2.o(.ARM.Collect$$rtexit$$00000004)
    .emb_text                                0x08000194   Section       52  rand.o(.emb_text)
    .text                                    0x080001c8   Section       64  startup_stm32f103xb.o(.text)
    .text                                    0x08000208   Section        0  noretval__2sprintf.o(.text)
    .text                                    0x08000230   Section        0  __printf.o(.text)
    .text                                    0x08000298   Section        0  _printf_dec.o(.text)
    .text                                    0x08000310   Section        0  rand.o(.text)
    .text                                    0x0800034c   Section      138  rt_memcpy_v6.o(.text)
    .text                                    0x080003d6   Section       68  rt_memclr.o(.text)
    .text                                    0x0800041a   Section       78  rt_memclr_w.o(.text)
    .text                                    0x08000468   Section        0  heapauxi.o(.text)
    .text                                    0x0800046e   Section        0  _printf_intcommon.o(.text)
    .text                                    0x08000520   Section        0  _printf_char_common.o(.text)
    _printf_input_char                       0x08000521   Thumb Code    10  _printf_char_common.o(.text)
    .text                                    0x08000550   Section        0  _sputc.o(.text)
    .text                                    0x0800055a   Section      100  rt_memcpy_w.o(.text)
    .text                                    0x080005be   Section       74  sys_stackheap_outer.o(.text)
    .text                                    0x08000608   Section        0  exit.o(.text)
    .text                                    0x0800061c   Section        8  libspace.o(.text)
    .text                                    0x08000624   Section        2  use_no_semi.o(.text)
    .text                                    0x08000626   Section        0  indicate_semi.o(.text)
    .text                                    0x08000628   Section        0  sys_exit.o(.text)
    i.BusFault_Handler                       0x08000634   Section        0  stm32f1xx_it.o(i.BusFault_Handler)
    i.DebugMon_Handler                       0x08000636   Section        0  stm32f1xx_it.o(i.DebugMon_Handler)
    i.EXTI0_IRQHandler                       0x08000638   Section        0  stm32f1xx_it.o(i.EXTI0_IRQHandler)
    i.EXTI15_10_IRQHandler                   0x0800066c   Section        0  stm32f1xx_it.o(i.EXTI15_10_IRQHandler)
    i.EXTI1_IRQHandler                       0x0800068c   Section        0  stm32f1xx_it.o(i.EXTI1_IRQHandler)
    i.EXTI3_IRQHandler                       0x080006ac   Section        0  stm32f1xx_it.o(i.EXTI3_IRQHandler)
    i.EXTI4_IRQHandler                       0x080006dc   Section        0  stm32f1xx_it.o(i.EXTI4_IRQHandler)
    i.EXTI9_5_IRQHandler                     0x0800070c   Section        0  stm32f1xx_it.o(i.EXTI9_5_IRQHandler)
    i.Error_Handler                          0x0800073c   Section        0  main.o(i.Error_Handler)
    i.HAL_Delay                              0x08000740   Section        0  stm32f1xx_hal.o(i.HAL_Delay)
    i.HAL_GPIO_EXTI_Callback                 0x08000764   Section        0  stm32f1xx_hal_gpio.o(i.HAL_GPIO_EXTI_Callback)
    i.HAL_GPIO_EXTI_IRQHandler               0x08000768   Section        0  stm32f1xx_hal_gpio.o(i.HAL_GPIO_EXTI_IRQHandler)
    i.HAL_GPIO_Init                          0x08000780   Section        0  stm32f1xx_hal_gpio.o(i.HAL_GPIO_Init)
    i.HAL_GetTick                            0x08000960   Section        0  stm32f1xx_hal.o(i.HAL_GetTick)
    i.HAL_I2C_Init                           0x0800096c   Section        0  stm32f1xx_hal_i2c.o(i.HAL_I2C_Init)
    i.HAL_I2C_Master_Transmit                0x08000af4   Section        0  stm32f1xx_hal_i2c.o(i.HAL_I2C_Master_Transmit)
    i.HAL_I2C_MspInit                        0x08000c20   Section        0  i2c.o(i.HAL_I2C_MspInit)
    i.HAL_IncTick                            0x08000c7c   Section        0  stm32f1xx_hal.o(i.HAL_IncTick)
    i.HAL_Init                               0x08000c8c   Section        0  stm32f1xx_hal.o(i.HAL_Init)
    i.HAL_InitTick                           0x08000cb0   Section        0  stm32f1xx_hal.o(i.HAL_InitTick)
    i.HAL_MspInit                            0x08000cf0   Section        0  stm32f1xx_hal_msp.o(i.HAL_MspInit)
    i.HAL_NVIC_EnableIRQ                     0x08000d2c   Section        0  stm32f1xx_hal_cortex.o(i.HAL_NVIC_EnableIRQ)
    i.HAL_NVIC_SetPriority                   0x08000d48   Section        0  stm32f1xx_hal_cortex.o(i.HAL_NVIC_SetPriority)
    i.HAL_NVIC_SetPriorityGrouping           0x08000d88   Section        0  stm32f1xx_hal_cortex.o(i.HAL_NVIC_SetPriorityGrouping)
    i.HAL_RCC_ClockConfig                    0x08000dac   Section        0  stm32f1xx_hal_rcc.o(i.HAL_RCC_ClockConfig)
    i.HAL_RCC_GetPCLK1Freq                   0x08000ed8   Section        0  stm32f1xx_hal_rcc.o(i.HAL_RCC_GetPCLK1Freq)
    i.HAL_RCC_GetSysClockFreq                0x08000ef8   Section        0  stm32f1xx_hal_rcc.o(i.HAL_RCC_GetSysClockFreq)
    i.HAL_RCC_OscConfig                      0x08000f44   Section        0  stm32f1xx_hal_rcc.o(i.HAL_RCC_OscConfig)
    i.HAL_SYSTICK_Config                     0x08001264   Section        0  stm32f1xx_hal_cortex.o(i.HAL_SYSTICK_Config)
    i.HardFault_Handler                      0x0800128c   Section        0  stm32f1xx_it.o(i.HardFault_Handler)
    i.I2C_IsAcknowledgeFailed                0x0800128e   Section        0  stm32f1xx_hal_i2c.o(i.I2C_IsAcknowledgeFailed)
    I2C_IsAcknowledgeFailed                  0x0800128f   Thumb Code    46  stm32f1xx_hal_i2c.o(i.I2C_IsAcknowledgeFailed)
    i.I2C_MasterRequestWrite                 0x080012bc   Section        0  stm32f1xx_hal_i2c.o(i.I2C_MasterRequestWrite)
    I2C_MasterRequestWrite                   0x080012bd   Thumb Code   150  stm32f1xx_hal_i2c.o(i.I2C_MasterRequestWrite)
    i.I2C_WaitOnBTFFlagUntilTimeout          0x08001358   Section        0  stm32f1xx_hal_i2c.o(i.I2C_WaitOnBTFFlagUntilTimeout)
    I2C_WaitOnBTFFlagUntilTimeout            0x08001359   Thumb Code    86  stm32f1xx_hal_i2c.o(i.I2C_WaitOnBTFFlagUntilTimeout)
    i.I2C_WaitOnFlagUntilTimeout             0x080013b0   Section        0  stm32f1xx_hal_i2c.o(i.I2C_WaitOnFlagUntilTimeout)
    I2C_WaitOnFlagUntilTimeout               0x080013b1   Thumb Code   144  stm32f1xx_hal_i2c.o(i.I2C_WaitOnFlagUntilTimeout)
    i.I2C_WaitOnMasterAddressFlagUntilTimeout 0x08001440   Section        0  stm32f1xx_hal_i2c.o(i.I2C_WaitOnMasterAddressFlagUntilTimeout)
    I2C_WaitOnMasterAddressFlagUntilTimeout  0x08001441   Thumb Code   188  stm32f1xx_hal_i2c.o(i.I2C_WaitOnMasterAddressFlagUntilTimeout)
    i.I2C_WaitOnTXEFlagUntilTimeout          0x080014fc   Section        0  stm32f1xx_hal_i2c.o(i.I2C_WaitOnTXEFlagUntilTimeout)
    I2C_WaitOnTXEFlagUntilTimeout            0x080014fd   Thumb Code    86  stm32f1xx_hal_i2c.o(i.I2C_WaitOnTXEFlagUntilTimeout)
    i.MX_GPIO_Init                           0x08001554   Section        0  gpio.o(i.MX_GPIO_Init)
    i.MX_I2C1_Init                           0x08001614   Section        0  i2c.o(i.MX_I2C1_Init)
    i.MemManage_Handler                      0x08001654   Section        0  stm32f1xx_it.o(i.MemManage_Handler)
    i.NMI_Handler                            0x08001656   Section        0  stm32f1xx_it.o(i.NMI_Handler)
    i.OLED_DrawImage                         0x08001658   Section        0  oled.o(i.OLED_DrawImage)
    i.OLED_DrawLine                          0x0800166c   Section        0  oled.o(i.OLED_DrawLine)
    i.OLED_DrawRectangle                     0x08001770   Section        0  oled.o(i.OLED_DrawRectangle)
    i.OLED_Init                              0x080017b8   Section        0  oled.o(i.OLED_Init)
    i.OLED_NewFrame                          0x08001870   Section        0  oled.o(i.OLED_NewFrame)
    i.OLED_PrintASCIIChar                    0x08001880   Section        0  oled.o(i.OLED_PrintASCIIChar)
    i.OLED_PrintASCIIString                  0x080018a0   Section        0  oled.o(i.OLED_PrintASCIIString)
    i.OLED_Send                              0x080018d0   Section        0  oled.o(i.OLED_Send)
    i.OLED_SendCmd                           0x080018ec   Section        0  oled.o(i.OLED_SendCmd)
    i.OLED_SetBits                           0x080018fc   Section        0  oled.o(i.OLED_SetBits)
    i.OLED_SetBits_Fine                      0x08001944   Section        0  oled.o(i.OLED_SetBits_Fine)
    i.OLED_SetBlock                          0x080019ac   Section        0  oled.o(i.OLED_SetBlock)
    i.OLED_SetByte_Fine                      0x08001a34   Section        0  oled.o(i.OLED_SetByte_Fine)
    i.OLED_SetPixel                          0x08001a7c   Section        0  oled.o(i.OLED_SetPixel)
    i.OLED_ShowFrame                         0x08001aac   Section        0  oled.o(i.OLED_ShowFrame)
    i.OLED_snake_body                        0x08001af4   Section        0  oled.o(i.OLED_snake_body)
    i.OLED_snake_food                        0x08001b50   Section        0  oled.o(i.OLED_snake_food)
    i.PendSV_Handler                         0x08001bca   Section        0  stm32f1xx_it.o(i.PendSV_Handler)
    i.SVC_Handler                            0x08001bcc   Section        0  stm32f1xx_it.o(i.SVC_Handler)
    i.SysTick_Handler                        0x08001bce   Section        0  stm32f1xx_it.o(i.SysTick_Handler)
    i.SystemClock_Config                     0x08001bd2   Section        0  main.o(i.SystemClock_Config)
    i.SystemInit                             0x08001c30   Section        0  system_stm32f1xx.o(i.SystemInit)
    i.UsageFault_Handler                     0x08001c32   Section        0  stm32f1xx_it.o(i.UsageFault_Handler)
    i.__NVIC_SetPriority                     0x08001c34   Section        0  stm32f1xx_hal_cortex.o(i.__NVIC_SetPriority)
    __NVIC_SetPriority                       0x08001c35   Thumb Code    32  stm32f1xx_hal_cortex.o(i.__NVIC_SetPriority)
    i.main                                   0x08001c54   Section        0  main.o(i.main)
    .constdata                               0x08002440   Section      552  font.o(.constdata)
    .constdata                               0x08002668   Section        8  font.o(.constdata)
    .constdata                               0x08002670   Section     3420  font.o(.constdata)
    .constdata                               0x080033cc   Section        8  font.o(.constdata)
    .constdata                               0x080033d4   Section     1024  font.o(.constdata)
    .constdata                               0x080037d4   Section        8  font.o(.constdata)
    .constdata                               0x080037dc   Section      512  font.o(.constdata)
    .constdata                               0x080039dc   Section        8  font.o(.constdata)
    .constdata                               0x080039e4   Section       18  stm32f1xx_hal_rcc.o(.constdata)
    aPredivFactorTable                       0x080039e4   Data           2  stm32f1xx_hal_rcc.o(.constdata)
    aPLLMULFactorTable                       0x080039e6   Data          16  stm32f1xx_hal_rcc.o(.constdata)
    .constdata                               0x080039f6   Section       16  system_stm32f1xx.o(.constdata)
    .constdata                               0x08003a06   Section        8  system_stm32f1xx.o(.constdata)
    .data                                    0x20000000   Section        4  oled.o(.data)
    temp                                     0x20000000   Data           1  oled.o(.data)
    temp                                     0x20000001   Data           1  oled.o(.data)
    sendBuffer                               0x20000002   Data           2  oled.o(.data)
    .data                                    0x20000004   Section        8  main.o(.data)
    .data                                    0x2000000c   Section       12  stm32f1xx_hal.o(.data)
    .data                                    0x20000018   Section        4  system_stm32f1xx.o(.data)
    .bss                                     0x2000001c   Section     1153  oled.o(.bss)
    sendBuffer                               0x2000001c   Data         129  oled.o(.bss)
    .bss                                     0x200004a0   Section       84  i2c.o(.bss)
    .bss                                     0x200004f4   Section      228  rand.o(.bss)
    .bss                                     0x200005d8   Section       96  libspace.o(.bss)
    HEAP                                     0x20000638   Section      512  startup_stm32f103xb.o(HEAP)
    Heap_Mem                                 0x20000638   Data         512  startup_stm32f103xb.o(HEAP)
    STACK                                    0x20000838   Section     1024  startup_stm32f103xb.o(STACK)
    Stack_Mem                                0x20000838   Data        1024  startup_stm32f103xb.o(STACK)
    __initial_sp                             0x20000c38   Data           0  startup_stm32f103xb.o(STACK)

    Global Symbols

    Symbol Name                              Value     Ov Type        Size  Object(Section)

    BuildAttributes$$THM_ISAv4$P$D$K$B$S$PE$A:L22UL41UL21$X:L11$S22US41US21$IEEE1$IW$USESV6$~STKCKD$USESV7$~SHL$OSPACE$ROPI$EBA8$UX$STANDARDLIB$REQ8$PRES8$EABIv2 0x00000000   Number         0  anon$$obj.o ABSOLUTE
    __ARM_use_no_argv                        0x00000000   Number         0  main.o ABSOLUTE
    __ARM_exceptions_init                     - Undefined Weak Reference
    __alloca_initialize                       - Undefined Weak Reference
    __arm_preinit_                            - Undefined Weak Reference
    __cpp_initialize__aeabi_                  - Undefined Weak Reference
    __cxa_finalize                            - Undefined Weak Reference
    __rt_locale                               - Undefined Weak Reference
    __sigvec_lookup                           - Undefined Weak Reference
    _atexit_init                              - Undefined Weak Reference
    _call_atexit_fns                          - Undefined Weak Reference
    _clock_init                               - Undefined Weak Reference
    _fp_trap_init                             - Undefined Weak Reference
    _fp_trap_shutdown                         - Undefined Weak Reference
    _get_lc_collate                           - Undefined Weak Reference
    _get_lc_ctype                             - Undefined Weak Reference
    _get_lc_monetary                          - Undefined Weak Reference
    _get_lc_numeric                           - Undefined Weak Reference
    _get_lc_time                              - Undefined Weak Reference
    _getenv_init                              - Undefined Weak Reference
    _handle_redirection                       - Undefined Weak Reference
    _init_alloc                               - Undefined Weak Reference
    _init_user_alloc                          - Undefined Weak Reference
    _initio                                   - Undefined Weak Reference
    _printf_post_padding                      - Undefined Weak Reference
    _printf_pre_padding                       - Undefined Weak Reference
    _printf_truncate_signed                   - Undefined Weak Reference
    _printf_truncate_unsigned                 - Undefined Weak Reference
    _signal_finish                            - Undefined Weak Reference
    _signal_init                              - Undefined Weak Reference
    _terminate_alloc                          - Undefined Weak Reference
    _terminate_user_alloc                     - Undefined Weak Reference
    _terminateio                              - Undefined Weak Reference
    __Vectors_Size                           0x000000ec   Number         0  startup_stm32f103xb.o ABSOLUTE
    __Vectors                                0x08000000   Data           4  startup_stm32f103xb.o(RESET)
    __Vectors_End                            0x080000ec   Data           0  startup_stm32f103xb.o(RESET)
    __main                                   0x080000ed   Thumb Code     8  __main.o(!!!main)
    __scatterload                            0x080000f5   Thumb Code     0  __scatter.o(!!!scatter)
    __scatterload_rt2                        0x080000f5   Thumb Code    44  __scatter.o(!!!scatter)
    __scatterload_rt2_thumb_only             0x080000f5   Thumb Code     0  __scatter.o(!!!scatter)
    __scatterload_null                       0x08000103   Thumb Code     0  __scatter.o(!!!scatter)
    __scatterload_copy                       0x08000129   Thumb Code    26  __scatter_copy.o(!!handler_copy)
    __scatterload_zeroinit                   0x08000145   Thumb Code    28  __scatter_zi.o(!!handler_zi)
    _printf_d                                0x08000161   Thumb Code     0  _printf_d.o(.ARM.Collect$$_printf_percent$$00000009)
    _printf_percent                          0x08000161   Thumb Code     0  _printf_percent.o(.ARM.Collect$$_printf_percent$$00000000)
    _printf_percent_end                      0x08000167   Thumb Code     0  _printf_percent_end.o(.ARM.Collect$$_printf_percent$$00000017)
    __rt_lib_init                            0x0800016b   Thumb Code     0  libinit.o(.ARM.Collect$$libinit$$00000000)
    __rt_lib_init_fp_1                       0x0800016d   Thumb Code     0  libinit2.o(.ARM.Collect$$libinit$$00000002)
    __rt_lib_init_heap_1                     0x0800016d   Thumb Code     0  libinit2.o(.ARM.Collect$$libinit$$0000000A)
    __rt_lib_init_preinit_1                  0x0800016d   Thumb Code     0  libinit2.o(.ARM.Collect$$libinit$$00000004)
    __rt_lib_init_rand_2                     0x0800016d   Thumb Code     0  libinit2.o(.ARM.Collect$$libinit$$0000000D)
    __rt_lib_init_user_alloc_1               0x0800016d   Thumb Code     0  libinit2.o(.ARM.Collect$$libinit$$0000000C)
    __rt_lib_init_alloca_1                   0x08000171   Thumb Code     0  libinit2.o(.ARM.Collect$$libinit$$0000002E)
    __rt_lib_init_argv_1                     0x08000171   Thumb Code     0  libinit2.o(.ARM.Collect$$libinit$$0000002C)
    __rt_lib_init_atexit_1                   0x08000171   Thumb Code     0  libinit2.o(.ARM.Collect$$libinit$$0000001B)
    __rt_lib_init_clock_1                    0x08000171   Thumb Code     0  libinit2.o(.ARM.Collect$$libinit$$00000021)
    __rt_lib_init_cpp_1                      0x08000171   Thumb Code     0  libinit2.o(.ARM.Collect$$libinit$$00000032)
    __rt_lib_init_exceptions_1               0x08000171   Thumb Code     0  libinit2.o(.ARM.Collect$$libinit$$00000030)
    __rt_lib_init_fp_trap_1                  0x08000171   Thumb Code     0  libinit2.o(.ARM.Collect$$libinit$$0000001F)
    __rt_lib_init_getenv_1                   0x08000171   Thumb Code     0  libinit2.o(.ARM.Collect$$libinit$$00000023)
    __rt_lib_init_lc_collate_1               0x08000171   Thumb Code     0  libinit2.o(.ARM.Collect$$libinit$$00000011)
    __rt_lib_init_lc_ctype_1                 0x08000171   Thumb Code     0  libinit2.o(.ARM.Collect$$libinit$$00000013)
    __rt_lib_init_lc_monetary_1              0x08000171   Thumb Code     0  libinit2.o(.ARM.Collect$$libinit$$00000015)
    __rt_lib_init_lc_numeric_1               0x08000171   Thumb Code     0  libinit2.o(.ARM.Collect$$libinit$$00000017)
    __rt_lib_init_lc_time_1                  0x08000171   Thumb Code     0  libinit2.o(.ARM.Collect$$libinit$$00000019)
    __rt_lib_init_rand_1                     0x08000171   Thumb Code     0  libinit2.o(.ARM.Collect$$libinit$$0000000E)
    __rt_lib_init_return                     0x08000171   Thumb Code     0  libinit2.o(.ARM.Collect$$libinit$$00000033)
    __rt_lib_init_signal_1                   0x08000171   Thumb Code     0  libinit2.o(.ARM.Collect$$libinit$$0000001D)
    __rt_lib_init_stdio_1                    0x08000171   Thumb Code     0  libinit2.o(.ARM.Collect$$libinit$$00000025)
    __rt_lib_shutdown                        0x08000173   Thumb Code     0  libshutdown.o(.ARM.Collect$$libshutdown$$00000000)
    __rt_lib_shutdown_cpp_1                  0x08000175   Thumb Code     0  libshutdown2.o(.ARM.Collect$$libshutdown$$00000002)
    __rt_lib_shutdown_fp_trap_1              0x08000175   Thumb Code     0  libshutdown2.o(.ARM.Collect$$libshutdown$$00000007)
    __rt_lib_shutdown_heap_1                 0x08000175   Thumb Code     0  libshutdown2.o(.ARM.Collect$$libshutdown$$0000000F)
    __rt_lib_shutdown_return                 0x08000175   Thumb Code     0  libshutdown2.o(.ARM.Collect$$libshutdown$$00000010)
    __rt_lib_shutdown_signal_1               0x08000175   Thumb Code     0  libshutdown2.o(.ARM.Collect$$libshutdown$$0000000A)
    __rt_lib_shutdown_stdio_1                0x08000175   Thumb Code     0  libshutdown2.o(.ARM.Collect$$libshutdown$$00000004)
    __rt_lib_shutdown_user_alloc_1           0x08000175   Thumb Code     0  libshutdown2.o(.ARM.Collect$$libshutdown$$0000000C)
    __rt_entry                               0x08000177   Thumb Code     0  __rtentry.o(.ARM.Collect$$rtentry$$00000000)
    __rt_entry_presh_1                       0x08000177   Thumb Code     0  __rtentry2.o(.ARM.Collect$$rtentry$$00000002)
    __rt_entry_sh                            0x08000177   Thumb Code     0  __rtentry4.o(.ARM.Collect$$rtentry$$00000004)
    __rt_entry_li                            0x0800017d   Thumb Code     0  __rtentry2.o(.ARM.Collect$$rtentry$$0000000A)
    __rt_entry_postsh_1                      0x0800017d   Thumb Code     0  __rtentry2.o(.ARM.Collect$$rtentry$$00000009)
    __rt_entry_main                          0x08000181   Thumb Code     0  __rtentry2.o(.ARM.Collect$$rtentry$$0000000D)
    __rt_entry_postli_1                      0x08000181   Thumb Code     0  __rtentry2.o(.ARM.Collect$$rtentry$$0000000C)
    __rt_exit                                0x08000189   Thumb Code     0  rtexit.o(.ARM.Collect$$rtexit$$00000000)
    __rt_exit_ls                             0x0800018b   Thumb Code     0  rtexit2.o(.ARM.Collect$$rtexit$$00000003)
    __rt_exit_prels_1                        0x0800018b   Thumb Code     0  rtexit2.o(.ARM.Collect$$rtexit$$00000002)
    __rt_exit_exit                           0x0800018f   Thumb Code     0  rtexit2.o(.ARM.Collect$$rtexit$$00000004)
    rand                                     0x08000195   Thumb Code    48  rand.o(.emb_text)
    Reset_Handler                            0x080001c9   Thumb Code     8  startup_stm32f103xb.o(.text)
    ADC1_2_IRQHandler                        0x080001e3   Thumb Code     0  startup_stm32f103xb.o(.text)
    CAN1_RX1_IRQHandler                      0x080001e3   Thumb Code     0  startup_stm32f103xb.o(.text)
    CAN1_SCE_IRQHandler                      0x080001e3   Thumb Code     0  startup_stm32f103xb.o(.text)
    DMA1_Channel1_IRQHandler                 0x080001e3   Thumb Code     0  startup_stm32f103xb.o(.text)
    DMA1_Channel2_IRQHandler                 0x080001e3   Thumb Code     0  startup_stm32f103xb.o(.text)
    DMA1_Channel3_IRQHandler                 0x080001e3   Thumb Code     0  startup_stm32f103xb.o(.text)
    DMA1_Channel4_IRQHandler                 0x080001e3   Thumb Code     0  startup_stm32f103xb.o(.text)
    DMA1_Channel5_IRQHandler                 0x080001e3   Thumb Code     0  startup_stm32f103xb.o(.text)
    DMA1_Channel6_IRQHandler                 0x080001e3   Thumb Code     0  startup_stm32f103xb.o(.text)
    DMA1_Channel7_IRQHandler                 0x080001e3   Thumb Code     0  startup_stm32f103xb.o(.text)
    EXTI2_IRQHandler                         0x080001e3   Thumb Code     0  startup_stm32f103xb.o(.text)
    FLASH_IRQHandler                         0x080001e3   Thumb Code     0  startup_stm32f103xb.o(.text)
    I2C1_ER_IRQHandler                       0x080001e3   Thumb Code     0  startup_stm32f103xb.o(.text)
    I2C1_EV_IRQHandler                       0x080001e3   Thumb Code     0  startup_stm32f103xb.o(.text)
    I2C2_ER_IRQHandler                       0x080001e3   Thumb Code     0  startup_stm32f103xb.o(.text)
    I2C2_EV_IRQHandler                       0x080001e3   Thumb Code     0  startup_stm32f103xb.o(.text)
    PVD_IRQHandler                           0x080001e3   Thumb Code     0  startup_stm32f103xb.o(.text)
    RCC_IRQHandler                           0x080001e3   Thumb Code     0  startup_stm32f103xb.o(.text)
    RTC_Alarm_IRQHandler                     0x080001e3   Thumb Code     0  startup_stm32f103xb.o(.text)
    RTC_IRQHandler                           0x080001e3   Thumb Code     0  startup_stm32f103xb.o(.text)
    SPI1_IRQHandler                          0x080001e3   Thumb Code     0  startup_stm32f103xb.o(.text)
    SPI2_IRQHandler                          0x080001e3   Thumb Code     0  startup_stm32f103xb.o(.text)
    TAMPER_IRQHandler                        0x080001e3   Thumb Code     0  startup_stm32f103xb.o(.text)
    TIM1_BRK_IRQHandler                      0x080001e3   Thumb Code     0  startup_stm32f103xb.o(.text)
    TIM1_CC_IRQHandler                       0x080001e3   Thumb Code     0  startup_stm32f103xb.o(.text)
    TIM1_TRG_COM_IRQHandler                  0x080001e3   Thumb Code     0  startup_stm32f103xb.o(.text)
    TIM1_UP_IRQHandler                       0x080001e3   Thumb Code     0  startup_stm32f103xb.o(.text)
    TIM2_IRQHandler                          0x080001e3   Thumb Code     0  startup_stm32f103xb.o(.text)
    TIM3_IRQHandler                          0x080001e3   Thumb Code     0  startup_stm32f103xb.o(.text)
    TIM4_IRQHandler                          0x080001e3   Thumb Code     0  startup_stm32f103xb.o(.text)
    USART1_IRQHandler                        0x080001e3   Thumb Code     0  startup_stm32f103xb.o(.text)
    USART2_IRQHandler                        0x080001e3   Thumb Code     0  startup_stm32f103xb.o(.text)
    USART3_IRQHandler                        0x080001e3   Thumb Code     0  startup_stm32f103xb.o(.text)
    USBWakeUp_IRQHandler                     0x080001e3   Thumb Code     0  startup_stm32f103xb.o(.text)
    USB_HP_CAN1_TX_IRQHandler                0x080001e3   Thumb Code     0  startup_stm32f103xb.o(.text)
    USB_LP_CAN1_RX0_IRQHandler               0x080001e3   Thumb Code     0  startup_stm32f103xb.o(.text)
    WWDG_IRQHandler                          0x080001e3   Thumb Code     0  startup_stm32f103xb.o(.text)
    __user_initial_stackheap                 0x080001e5   Thumb Code     0  startup_stm32f103xb.o(.text)
    __2sprintf                               0x08000209   Thumb Code    34  noretval__2sprintf.o(.text)
    __printf                                 0x08000231   Thumb Code   104  __printf.o(.text)
    _printf_int_dec                          0x08000299   Thumb Code   104  _printf_dec.o(.text)
    srand                                    0x08000311   Thumb Code    42  rand.o(.text)
    _rand_init                               0x0800033b   Thumb Code     4  rand.o(.text)
    __aeabi_memcpy                           0x0800034d   Thumb Code     0  rt_memcpy_v6.o(.text)
    __rt_memcpy                              0x0800034d   Thumb Code   138  rt_memcpy_v6.o(.text)
    _memcpy_lastbytes                        0x080003b3   Thumb Code     0  rt_memcpy_v6.o(.text)
    __aeabi_memclr                           0x080003d7   Thumb Code     0  rt_memclr.o(.text)
    __rt_memclr                              0x080003d7   Thumb Code    68  rt_memclr.o(.text)
    _memset                                  0x080003db   Thumb Code     0  rt_memclr.o(.text)
    __aeabi_memclr4                          0x0800041b   Thumb Code     0  rt_memclr_w.o(.text)
    __aeabi_memclr8                          0x0800041b   Thumb Code     0  rt_memclr_w.o(.text)
    __rt_memclr_w                            0x0800041b   Thumb Code    78  rt_memclr_w.o(.text)
    _memset_w                                0x0800041f   Thumb Code     0  rt_memclr_w.o(.text)
    __use_two_region_memory                  0x08000469   Thumb Code     2  heapauxi.o(.text)
    __rt_heap_escrow$2region                 0x0800046b   Thumb Code     2  heapauxi.o(.text)
    __rt_heap_expand$2region                 0x0800046d   Thumb Code     2  heapauxi.o(.text)
    _printf_int_common                       0x0800046f   Thumb Code   178  _printf_intcommon.o(.text)
    _printf_char_common                      0x0800052b   Thumb Code    32  _printf_char_common.o(.text)
    _sputc                                   0x08000551   Thumb Code    10  _sputc.o(.text)
    __aeabi_memcpy4                          0x0800055b   Thumb Code     0  rt_memcpy_w.o(.text)
    __aeabi_memcpy8                          0x0800055b   Thumb Code     0  rt_memcpy_w.o(.text)
    __rt_memcpy_w                            0x0800055b   Thumb Code   100  rt_memcpy_w.o(.text)
    _memcpy_lastbytes_aligned                0x080005a3   Thumb Code     0  rt_memcpy_w.o(.text)
    __user_setup_stackheap                   0x080005bf   Thumb Code    74  sys_stackheap_outer.o(.text)
    exit                                     0x08000609   Thumb Code    18  exit.o(.text)
    __user_libspace                          0x0800061d   Thumb Code     8  libspace.o(.text)
    __user_perproc_libspace                  0x0800061d   Thumb Code     0  libspace.o(.text)
    __user_perthread_libspace                0x0800061d   Thumb Code     0  libspace.o(.text)
    __I$use$semihosting                      0x08000625   Thumb Code     0  use_no_semi.o(.text)
    __use_no_semihosting_swi                 0x08000625   Thumb Code     2  use_no_semi.o(.text)
    __semihosting_library_function           0x08000627   Thumb Code     0  indicate_semi.o(.text)
    _sys_exit                                0x08000629   Thumb Code     8  sys_exit.o(.text)
    BusFault_Handler                         0x08000635   Thumb Code     2  stm32f1xx_it.o(i.BusFault_Handler)
    DebugMon_Handler                         0x08000637   Thumb Code     2  stm32f1xx_it.o(i.DebugMon_Handler)
    EXTI0_IRQHandler                         0x08000639   Thumb Code    34  stm32f1xx_it.o(i.EXTI0_IRQHandler)
    EXTI15_10_IRQHandler                     0x0800066d   Thumb Code    26  stm32f1xx_it.o(i.EXTI15_10_IRQHandler)
    EXTI1_IRQHandler                         0x0800068d   Thumb Code    26  stm32f1xx_it.o(i.EXTI1_IRQHandler)
    EXTI3_IRQHandler                         0x080006ad   Thumb Code    32  stm32f1xx_it.o(i.EXTI3_IRQHandler)
    EXTI4_IRQHandler                         0x080006dd   Thumb Code    32  stm32f1xx_it.o(i.EXTI4_IRQHandler)
    EXTI9_5_IRQHandler                       0x0800070d   Thumb Code    32  stm32f1xx_it.o(i.EXTI9_5_IRQHandler)
    Error_Handler                            0x0800073d   Thumb Code     4  main.o(i.Error_Handler)
    HAL_Delay                                0x08000741   Thumb Code    32  stm32f1xx_hal.o(i.HAL_Delay)
    HAL_GPIO_EXTI_Callback                   0x08000765   Thumb Code     2  stm32f1xx_hal_gpio.o(i.HAL_GPIO_EXTI_Callback)
    HAL_GPIO_EXTI_IRQHandler                 0x08000769   Thumb Code    18  stm32f1xx_hal_gpio.o(i.HAL_GPIO_EXTI_IRQHandler)
    HAL_GPIO_Init                            0x08000781   Thumb Code   446  stm32f1xx_hal_gpio.o(i.HAL_GPIO_Init)
    HAL_GetTick                              0x08000961   Thumb Code     6  stm32f1xx_hal.o(i.HAL_GetTick)
    HAL_I2C_Init                             0x0800096d   Thumb Code   376  stm32f1xx_hal_i2c.o(i.HAL_I2C_Init)
    HAL_I2C_Master_Transmit                  0x08000af5   Thumb Code   290  stm32f1xx_hal_i2c.o(i.HAL_I2C_Master_Transmit)
    HAL_I2C_MspInit                          0x08000c21   Thumb Code    80  i2c.o(i.HAL_I2C_MspInit)
    HAL_IncTick                              0x08000c7d   Thumb Code    12  stm32f1xx_hal.o(i.HAL_IncTick)
    HAL_Init                                 0x08000c8d   Thumb Code    32  stm32f1xx_hal.o(i.HAL_Init)
    HAL_InitTick                             0x08000cb1   Thumb Code    54  stm32f1xx_hal.o(i.HAL_InitTick)
    HAL_MspInit                              0x08000cf1   Thumb Code    52  stm32f1xx_hal_msp.o(i.HAL_MspInit)
    HAL_NVIC_EnableIRQ                       0x08000d2d   Thumb Code    26  stm32f1xx_hal_cortex.o(i.HAL_NVIC_EnableIRQ)
    HAL_NVIC_SetPriority                     0x08000d49   Thumb Code    60  stm32f1xx_hal_cortex.o(i.HAL_NVIC_SetPriority)
    HAL_NVIC_SetPriorityGrouping             0x08000d89   Thumb Code    26  stm32f1xx_hal_cortex.o(i.HAL_NVIC_SetPriorityGrouping)
    HAL_RCC_ClockConfig                      0x08000dad   Thumb Code   280  stm32f1xx_hal_rcc.o(i.HAL_RCC_ClockConfig)
    HAL_RCC_GetPCLK1Freq                     0x08000ed9   Thumb Code    20  stm32f1xx_hal_rcc.o(i.HAL_RCC_GetPCLK1Freq)
    HAL_RCC_GetSysClockFreq                  0x08000ef9   Thumb Code    58  stm32f1xx_hal_rcc.o(i.HAL_RCC_GetSysClockFreq)
    HAL_RCC_OscConfig                        0x08000f45   Thumb Code   778  stm32f1xx_hal_rcc.o(i.HAL_RCC_OscConfig)
    HAL_SYSTICK_Config                       0x08001265   Thumb Code    40  stm32f1xx_hal_cortex.o(i.HAL_SYSTICK_Config)
    HardFault_Handler                        0x0800128d   Thumb Code     2  stm32f1xx_it.o(i.HardFault_Handler)
    MX_GPIO_Init                             0x08001555   Thumb Code   180  gpio.o(i.MX_GPIO_Init)
    MX_I2C1_Init                             0x08001615   Thumb Code    50  i2c.o(i.MX_I2C1_Init)
    MemManage_Handler                        0x08001655   Thumb Code     2  stm32f1xx_it.o(i.MemManage_Handler)
    NMI_Handler                              0x08001657   Thumb Code     2  stm32f1xx_it.o(i.NMI_Handler)
    OLED_DrawImage                           0x08001659   Thumb Code    18  oled.o(i.OLED_DrawImage)
    OLED_DrawLine                            0x0800166d   Thumb Code   254  oled.o(i.OLED_DrawLine)
    OLED_DrawRectangle                       0x08001771   Thumb Code    72  oled.o(i.OLED_DrawRectangle)
    OLED_Init                                0x080017b9   Thumb Code   182  oled.o(i.OLED_Init)
    OLED_NewFrame                            0x08001871   Thumb Code    10  oled.o(i.OLED_NewFrame)
    OLED_PrintASCIIChar                      0x08001881   Thumb Code    32  oled.o(i.OLED_PrintASCIIChar)
    OLED_PrintASCIIString                    0x080018a1   Thumb Code    46  oled.o(i.OLED_PrintASCIIString)
    OLED_Send                                0x080018d1   Thumb Code    22  oled.o(i.OLED_Send)
    OLED_SendCmd                             0x080018ed   Thumb Code    12  oled.o(i.OLED_SendCmd)
    OLED_SetBits                             0x080018fd   Thumb Code    72  oled.o(i.OLED_SetBits)
    OLED_SetBits_Fine                        0x08001945   Thumb Code   104  oled.o(i.OLED_SetBits_Fine)
    OLED_SetBlock                            0x080019ad   Thumb Code   136  oled.o(i.OLED_SetBlock)
    OLED_SetByte_Fine                        0x08001a35   Thumb Code    64  oled.o(i.OLED_SetByte_Fine)
    OLED_SetPixel                            0x08001a7d   Thumb Code    42  oled.o(i.OLED_SetPixel)
    OLED_ShowFrame                           0x08001aad   Thumb Code    68  oled.o(i.OLED_ShowFrame)
    OLED_snake_body                          0x08001af5   Thumb Code    92  oled.o(i.OLED_snake_body)
    OLED_snake_food                          0x08001b51   Thumb Code   122  oled.o(i.OLED_snake_food)
    PendSV_Handler                           0x08001bcb   Thumb Code     2  stm32f1xx_it.o(i.PendSV_Handler)
    SVC_Handler                              0x08001bcd   Thumb Code     2  stm32f1xx_it.o(i.SVC_Handler)
    SysTick_Handler                          0x08001bcf   Thumb Code     4  stm32f1xx_it.o(i.SysTick_Handler)
    SystemClock_Config                       0x08001bd3   Thumb Code    94  main.o(i.SystemClock_Config)
    SystemInit                               0x08001c31   Thumb Code     2  system_stm32f1xx.o(i.SystemInit)
    UsageFault_Handler                       0x08001c33   Thumb Code     2  stm32f1xx_it.o(i.UsageFault_Handler)
    main                                     0x08001c55   Thumb Code  2006  main.o(i.main)
    ascii_8x6                                0x08002440   Data         552  font.o(.constdata)
    afont8x6                                 0x08002668   Data           8  font.o(.constdata)
    ascii_24x12                              0x08002670   Data        3420  font.o(.constdata)
    afont24x12                               0x080033cc   Data           8  font.o(.constdata)
    OLED_GameOverData                        0x080033d4   Data        1024  font.o(.constdata)
    OLED_GameOverImg                         0x080037d4   Data           8  font.o(.constdata)
    OLED_GameBeginData                       0x080037dc   Data         512  font.o(.constdata)
    OLED_GameBeginImg                        0x080039dc   Data           8  font.o(.constdata)
    AHBPrescTable                            0x080039f6   Data          16  system_stm32f1xx.o(.constdata)
    APBPrescTable                            0x08003a06   Data           8  system_stm32f1xx.o(.constdata)
    Region$$Table$$Base                      0x08003a10   Number         0  anon$$obj.o(Region$$Table)
    Region$$Table$$Limit                     0x08003a30   Number         0  anon$$obj.o(Region$$Table)
    right                                    0x20000004   Data           1  main.o(.data)
    left                                     0x20000005   Data           1  main.o(.data)
    up                                       0x20000006   Data           1  main.o(.data)
    down                                     0x20000007   Data           1  main.o(.data)
    start                                    0x20000008   Data           1  main.o(.data)
    speed                                    0x2000000a   Data           2  main.o(.data)
    uwTickFreq                               0x2000000c   Data           1  stm32f1xx_hal.o(.data)
    uwTickPrio                               0x20000010   Data           4  stm32f1xx_hal.o(.data)
    uwTick                                   0x20000014   Data           4  stm32f1xx_hal.o(.data)
    SystemCoreClock                          0x20000018   Data           4  system_stm32f1xx.o(.data)
    OLED_GRAM                                0x2000009d   Data        1024  oled.o(.bss)
    hi2c1                                    0x200004a0   Data          84  i2c.o(.bss)
    _random_number_data                      0x200004f4   Data         228  rand.o(.bss)
    __libspace_start                         0x200005d8   Data          96  libspace.o(.bss)
    __temporary_stack_top$libspace           0x20000638   Data           0  libspace.o(.bss)



==============================================================================

Memory Map of the image

  Image Entry point : 0x080000ed

  Load Region LR_IROM1 (Base: 0x08000000, Size: 0x00003a4c, Max: 0x00010000, ABSOLUTE)

    Execution Region ER_IROM1 (Exec base: 0x08000000, Load base: 0x08000000, Size: 0x00003a30, Max: 0x00010000, ABSOLUTE)

    Exec Addr    Load Addr    Size         Type   Attr      Idx    E Section Name        Object

    0x08000000   0x08000000   0x000000ec   Data   RO            3    RESET               startup_stm32f103xb.o
    0x080000ec   0x080000ec   0x00000008   Code   RO         2181  * !!!main             c_w.l(__main.o)
    0x080000f4   0x080000f4   0x00000034   Code   RO         2372    !!!scatter          c_w.l(__scatter.o)
    0x08000128   0x08000128   0x0000001a   Code   RO         2374    !!handler_copy      c_w.l(__scatter_copy.o)
    0x08000142   0x08000142   0x00000002   PAD
    0x08000144   0x08000144   0x0000001c   Code   RO         2376    !!handler_zi        c_w.l(__scatter_zi.o)
    0x08000160   0x08000160   0x00000000   Code   RO         2165    .ARM.Collect$$_printf_percent$$00000000  c_w.l(_printf_percent.o)
    0x08000160   0x08000160   0x00000006   Code   RO         2164    .ARM.Collect$$_printf_percent$$00000009  c_w.l(_printf_d.o)
    0x08000166   0x08000166   0x00000004   Code   RO         2208    .ARM.Collect$$_printf_percent$$00000017  c_w.l(_printf_percent_end.o)
    0x0800016a   0x0800016a   0x00000002   Code   RO         2295    .ARM.Collect$$libinit$$00000000  c_w.l(libinit.o)
    0x0800016c   0x0800016c   0x00000000   Code   RO         2212    .ARM.Collect$$libinit$$00000002  c_w.l(libinit2.o)
    0x0800016c   0x0800016c   0x00000000   Code   RO         2214    .ARM.Collect$$libinit$$00000004  c_w.l(libinit2.o)
    0x0800016c   0x0800016c   0x00000000   Code   RO         2217    .ARM.Collect$$libinit$$0000000A  c_w.l(libinit2.o)
    0x0800016c   0x0800016c   0x00000000   Code   RO         2219    .ARM.Collect$$libinit$$0000000C  c_w.l(libinit2.o)
    0x0800016c   0x0800016c   0x00000004   Code   RO         2220    .ARM.Collect$$libinit$$0000000D  c_w.l(libinit2.o)
    0x08000170   0x08000170   0x00000000   Code   RO         2221    .ARM.Collect$$libinit$$0000000E  c_w.l(libinit2.o)
    0x08000170   0x08000170   0x00000000   Code   RO         2224    .ARM.Collect$$libinit$$00000011  c_w.l(libinit2.o)
    0x08000170   0x08000170   0x00000000   Code   RO         2226    .ARM.Collect$$libinit$$00000013  c_w.l(libinit2.o)
    0x08000170   0x08000170   0x00000000   Code   RO         2228    .ARM.Collect$$libinit$$00000015  c_w.l(libinit2.o)
    0x08000170   0x08000170   0x00000000   Code   RO         2230    .ARM.Collect$$libinit$$00000017  c_w.l(libinit2.o)
    0x08000170   0x08000170   0x00000000   Code   RO         2232    .ARM.Collect$$libinit$$00000019  c_w.l(libinit2.o)
    0x08000170   0x08000170   0x00000000   Code   RO         2234    .ARM.Collect$$libinit$$0000001B  c_w.l(libinit2.o)
    0x08000170   0x08000170   0x00000000   Code   RO         2236    .ARM.Collect$$libinit$$0000001D  c_w.l(libinit2.o)
    0x08000170   0x08000170   0x00000000   Code   RO         2238    .ARM.Collect$$libinit$$0000001F  c_w.l(libinit2.o)
    0x08000170   0x08000170   0x00000000   Code   RO         2240    .ARM.Collect$$libinit$$00000021  c_w.l(libinit2.o)
    0x08000170   0x08000170   0x00000000   Code   RO         2242    .ARM.Collect$$libinit$$00000023  c_w.l(libinit2.o)
    0x08000170   0x08000170   0x00000000   Code   RO         2244    .ARM.Collect$$libinit$$00000025  c_w.l(libinit2.o)
    0x08000170   0x08000170   0x00000000   Code   RO         2248    .ARM.Collect$$libinit$$0000002C  c_w.l(libinit2.o)
    0x08000170   0x08000170   0x00000000   Code   RO         2250    .ARM.Collect$$libinit$$0000002E  c_w.l(libinit2.o)
    0x08000170   0x08000170   0x00000000   Code   RO         2252    .ARM.Collect$$libinit$$00000030  c_w.l(libinit2.o)
    0x08000170   0x08000170   0x00000000   Code   RO         2254    .ARM.Collect$$libinit$$00000032  c_w.l(libinit2.o)
    0x08000170   0x08000170   0x00000002   Code   RO         2255    .ARM.Collect$$libinit$$00000033  c_w.l(libinit2.o)
    0x08000172   0x08000172   0x00000002   Code   RO         2333    .ARM.Collect$$libshutdown$$00000000  c_w.l(libshutdown.o)
    0x08000174   0x08000174   0x00000000   Code   RO         2339    .ARM.Collect$$libshutdown$$00000002  c_w.l(libshutdown2.o)
    0x08000174   0x08000174   0x00000000   Code   RO         2341    .ARM.Collect$$libshutdown$$00000004  c_w.l(libshutdown2.o)
    0x08000174   0x08000174   0x00000000   Code   RO         2344    .ARM.Collect$$libshutdown$$00000007  c_w.l(libshutdown2.o)
    0x08000174   0x08000174   0x00000000   Code   RO         2347    .ARM.Collect$$libshutdown$$0000000A  c_w.l(libshutdown2.o)
    0x08000174   0x08000174   0x00000000   Code   RO         2349    .ARM.Collect$$libshutdown$$0000000C  c_w.l(libshutdown2.o)
    0x08000174   0x08000174   0x00000000   Code   RO         2352    .ARM.Collect$$libshutdown$$0000000F  c_w.l(libshutdown2.o)
    0x08000174   0x08000174   0x00000002   Code   RO         2353    .ARM.Collect$$libshutdown$$00000010  c_w.l(libshutdown2.o)
    0x08000176   0x08000176   0x00000000   Code   RO         2201    .ARM.Collect$$rtentry$$00000000  c_w.l(__rtentry.o)
    0x08000176   0x08000176   0x00000000   Code   RO         2262    .ARM.Collect$$rtentry$$00000002  c_w.l(__rtentry2.o)
    0x08000176   0x08000176   0x00000006   Code   RO         2274    .ARM.Collect$$rtentry$$00000004  c_w.l(__rtentry4.o)
    0x0800017c   0x0800017c   0x00000000   Code   RO         2264    .ARM.Collect$$rtentry$$00000009  c_w.l(__rtentry2.o)
    0x0800017c   0x0800017c   0x00000004   Code   RO         2265    .ARM.Collect$$rtentry$$0000000A  c_w.l(__rtentry2.o)
    0x08000180   0x08000180   0x00000000   Code   RO         2267    .ARM.Collect$$rtentry$$0000000C  c_w.l(__rtentry2.o)
    0x08000180   0x08000180   0x00000008   Code   RO         2268    .ARM.Collect$$rtentry$$0000000D  c_w.l(__rtentry2.o)
    0x08000188   0x08000188   0x00000002   Code   RO         2301    .ARM.Collect$$rtexit$$00000000  c_w.l(rtexit.o)
    0x0800018a   0x0800018a   0x00000000   Code   RO         2313    .ARM.Collect$$rtexit$$00000002  c_w.l(rtexit2.o)
    0x0800018a   0x0800018a   0x00000004   Code   RO         2314    .ARM.Collect$$rtexit$$00000003  c_w.l(rtexit2.o)
    0x0800018e   0x0800018e   0x00000006   Code   RO         2315    .ARM.Collect$$rtexit$$00000004  c_w.l(rtexit2.o)
    0x08000194   0x08000194   0x00000034   Code   RO         2166    .emb_text           c_w.l(rand.o)
    0x080001c8   0x080001c8   0x00000040   Code   RO            4    .text               startup_stm32f103xb.o
    0x08000208   0x08000208   0x00000028   Code   RO         2138    .text               c_w.l(noretval__2sprintf.o)
    0x08000230   0x08000230   0x00000068   Code   RO         2140    .text               c_w.l(__printf.o)
    0x08000298   0x08000298   0x00000078   Code   RO         2142    .text               c_w.l(_printf_dec.o)
    0x08000310   0x08000310   0x0000003c   Code   RO         2167    .text               c_w.l(rand.o)
    0x0800034c   0x0800034c   0x0000008a   Code   RO         2173    .text               c_w.l(rt_memcpy_v6.o)
    0x080003d6   0x080003d6   0x00000044   Code   RO         2175    .text               c_w.l(rt_memclr.o)
    0x0800041a   0x0800041a   0x0000004e   Code   RO         2177    .text               c_w.l(rt_memclr_w.o)
    0x08000468   0x08000468   0x00000006   Code   RO         2179    .text               c_w.l(heapauxi.o)
    0x0800046e   0x0800046e   0x000000b2   Code   RO         2202    .text               c_w.l(_printf_intcommon.o)
    0x08000520   0x08000520   0x00000030   Code   RO         2204    .text               c_w.l(_printf_char_common.o)
    0x08000550   0x08000550   0x0000000a   Code   RO         2206    .text               c_w.l(_sputc.o)
    0x0800055a   0x0800055a   0x00000064   Code   RO         2209    .text               c_w.l(rt_memcpy_w.o)
    0x080005be   0x080005be   0x0000004a   Code   RO         2282    .text               c_w.l(sys_stackheap_outer.o)
    0x08000608   0x08000608   0x00000012   Code   RO         2284    .text               c_w.l(exit.o)
    0x0800061a   0x0800061a   0x00000002   PAD
    0x0800061c   0x0800061c   0x00000008   Code   RO         2298    .text               c_w.l(libspace.o)
    0x08000624   0x08000624   0x00000002   Code   RO         2309    .text               c_w.l(use_no_semi.o)
    0x08000626   0x08000626   0x00000000   Code   RO         2311    .text               c_w.l(indicate_semi.o)
    0x08000626   0x08000626   0x00000002   PAD
    0x08000628   0x08000628   0x0000000c   Code   RO         2325    .text               c_w.l(sys_exit.o)
    0x08000634   0x08000634   0x00000002   Code   RO          475    i.BusFault_Handler  stm32f1xx_it.o
    0x08000636   0x08000636   0x00000002   Code   RO          476    i.DebugMon_Handler  stm32f1xx_it.o
    0x08000638   0x08000638   0x00000034   Code   RO          477    i.EXTI0_IRQHandler  stm32f1xx_it.o
    0x0800066c   0x0800066c   0x00000020   Code   RO          478    i.EXTI15_10_IRQHandler  stm32f1xx_it.o
    0x0800068c   0x0800068c   0x00000020   Code   RO          479    i.EXTI1_IRQHandler  stm32f1xx_it.o
    0x080006ac   0x080006ac   0x00000030   Code   RO          480    i.EXTI3_IRQHandler  stm32f1xx_it.o
    0x080006dc   0x080006dc   0x00000030   Code   RO          481    i.EXTI4_IRQHandler  stm32f1xx_it.o
    0x0800070c   0x0800070c   0x00000030   Code   RO          482    i.EXTI9_5_IRQHandler  stm32f1xx_it.o
    0x0800073c   0x0800073c   0x00000004   Code   RO          344    i.Error_Handler     main.o
    0x08000740   0x08000740   0x00000024   Code   RO         1091    i.HAL_Delay         stm32f1xx_hal.o
    0x08000764   0x08000764   0x00000002   Code   RO         1399    i.HAL_GPIO_EXTI_Callback  stm32f1xx_hal_gpio.o
    0x08000766   0x08000766   0x00000002   PAD
    0x08000768   0x08000768   0x00000018   Code   RO         1400    i.HAL_GPIO_EXTI_IRQHandler  stm32f1xx_hal_gpio.o
    0x08000780   0x08000780   0x000001e0   Code   RO         1401    i.HAL_GPIO_Init     stm32f1xx_hal_gpio.o
    0x08000960   0x08000960   0x0000000c   Code   RO         1095    i.HAL_GetTick       stm32f1xx_hal.o
    0x0800096c   0x0800096c   0x00000188   Code   RO          658    i.HAL_I2C_Init      stm32f1xx_hal_i2c.o
    0x08000af4   0x08000af4   0x0000012c   Code   RO          671    i.HAL_I2C_Master_Transmit  stm32f1xx_hal_i2c.o
    0x08000c20   0x08000c20   0x0000005c   Code   RO          434    i.HAL_I2C_MspInit   i2c.o
    0x08000c7c   0x08000c7c   0x00000010   Code   RO         1101    i.HAL_IncTick       stm32f1xx_hal.o
    0x08000c8c   0x08000c8c   0x00000024   Code   RO         1102    i.HAL_Init          stm32f1xx_hal.o
    0x08000cb0   0x08000cb0   0x00000040   Code   RO         1103    i.HAL_InitTick      stm32f1xx_hal.o
    0x08000cf0   0x08000cf0   0x0000003c   Code   RO          587    i.HAL_MspInit       stm32f1xx_hal_msp.o
    0x08000d2c   0x08000d2c   0x0000001a   Code   RO         1561    i.HAL_NVIC_EnableIRQ  stm32f1xx_hal_cortex.o
    0x08000d46   0x08000d46   0x00000002   PAD
    0x08000d48   0x08000d48   0x00000040   Code   RO         1567    i.HAL_NVIC_SetPriority  stm32f1xx_hal_cortex.o
    0x08000d88   0x08000d88   0x00000024   Code   RO         1568    i.HAL_NVIC_SetPriorityGrouping  stm32f1xx_hal_cortex.o
    0x08000dac   0x08000dac   0x0000012c   Code   RO         1259    i.HAL_RCC_ClockConfig  stm32f1xx_hal_rcc.o
    0x08000ed8   0x08000ed8   0x00000020   Code   RO         1266    i.HAL_RCC_GetPCLK1Freq  stm32f1xx_hal_rcc.o
    0x08000ef8   0x08000ef8   0x0000004c   Code   RO         1268    i.HAL_RCC_GetSysClockFreq  stm32f1xx_hal_rcc.o
    0x08000f44   0x08000f44   0x00000320   Code   RO         1271    i.HAL_RCC_OscConfig  stm32f1xx_hal_rcc.o
    0x08001264   0x08001264   0x00000028   Code   RO         1572    i.HAL_SYSTICK_Config  stm32f1xx_hal_cortex.o
    0x0800128c   0x0800128c   0x00000002   Code   RO          483    i.HardFault_Handler  stm32f1xx_it.o
    0x0800128e   0x0800128e   0x0000002e   Code   RO          701    i.I2C_IsAcknowledgeFailed  stm32f1xx_hal_i2c.o
    0x080012bc   0x080012bc   0x0000009c   Code   RO          705    i.I2C_MasterRequestWrite  stm32f1xx_hal_i2c.o
    0x08001358   0x08001358   0x00000056   Code   RO          716    i.I2C_WaitOnBTFFlagUntilTimeout  stm32f1xx_hal_i2c.o
    0x080013ae   0x080013ae   0x00000002   PAD
    0x080013b0   0x080013b0   0x00000090   Code   RO          717    i.I2C_WaitOnFlagUntilTimeout  stm32f1xx_hal_i2c.o
    0x08001440   0x08001440   0x000000bc   Code   RO          718    i.I2C_WaitOnMasterAddressFlagUntilTimeout  stm32f1xx_hal_i2c.o
    0x080014fc   0x080014fc   0x00000056   Code   RO          720    i.I2C_WaitOnTXEFlagUntilTimeout  stm32f1xx_hal_i2c.o
    0x08001552   0x08001552   0x00000002   PAD
    0x08001554   0x08001554   0x000000c0   Code   RO          409    i.MX_GPIO_Init      gpio.o
    0x08001614   0x08001614   0x00000040   Code   RO          435    i.MX_I2C1_Init      i2c.o
    0x08001654   0x08001654   0x00000002   Code   RO          484    i.MemManage_Handler  stm32f1xx_it.o
    0x08001656   0x08001656   0x00000002   Code   RO          485    i.NMI_Handler       stm32f1xx_it.o
    0x08001658   0x08001658   0x00000012   Code   RO           55    i.OLED_DrawImage    oled.o
    0x0800166a   0x0800166a   0x00000002   PAD
    0x0800166c   0x0800166c   0x00000104   Code   RO           56    i.OLED_DrawLine     oled.o
    0x08001770   0x08001770   0x00000048   Code   RO           57    i.OLED_DrawRectangle  oled.o
    0x080017b8   0x080017b8   0x000000b6   Code   RO           59    i.OLED_Init         oled.o
    0x0800186e   0x0800186e   0x00000002   PAD
    0x08001870   0x08001870   0x00000010   Code   RO           60    i.OLED_NewFrame     oled.o
    0x08001880   0x08001880   0x00000020   Code   RO           61    i.OLED_PrintASCIIChar  oled.o
    0x080018a0   0x080018a0   0x0000002e   Code   RO           62    i.OLED_PrintASCIIString  oled.o
    0x080018ce   0x080018ce   0x00000002   PAD
    0x080018d0   0x080018d0   0x0000001c   Code   RO           64    i.OLED_Send         oled.o
    0x080018ec   0x080018ec   0x00000010   Code   RO           65    i.OLED_SendCmd      oled.o
    0x080018fc   0x080018fc   0x00000048   Code   RO           66    i.OLED_SetBits      oled.o
    0x08001944   0x08001944   0x00000068   Code   RO           67    i.OLED_SetBits_Fine  oled.o
    0x080019ac   0x080019ac   0x00000088   Code   RO           68    i.OLED_SetBlock     oled.o
    0x08001a34   0x08001a34   0x00000048   Code   RO           70    i.OLED_SetByte_Fine  oled.o
    0x08001a7c   0x08001a7c   0x00000030   Code   RO           72    i.OLED_SetPixel     oled.o
    0x08001aac   0x08001aac   0x00000048   Code   RO           73    i.OLED_ShowFrame    oled.o
    0x08001af4   0x08001af4   0x0000005c   Code   RO           74    i.OLED_snake_body   oled.o
    0x08001b50   0x08001b50   0x0000007a   Code   RO           75    i.OLED_snake_food   oled.o
    0x08001bca   0x08001bca   0x00000002   Code   RO          486    i.PendSV_Handler    stm32f1xx_it.o
    0x08001bcc   0x08001bcc   0x00000002   Code   RO          487    i.SVC_Handler       stm32f1xx_it.o
    0x08001bce   0x08001bce   0x00000004   Code   RO          488    i.SysTick_Handler   stm32f1xx_it.o
    0x08001bd2   0x08001bd2   0x0000005e   Code   RO          345    i.SystemClock_Config  main.o
    0x08001c30   0x08001c30   0x00000002   Code   RO         2098    i.SystemInit        system_stm32f1xx.o
    0x08001c32   0x08001c32   0x00000002   Code   RO          489    i.UsageFault_Handler  stm32f1xx_it.o
    0x08001c34   0x08001c34   0x00000020   Code   RO         1574    i.__NVIC_SetPriority  stm32f1xx_hal_cortex.o
    0x08001c54   0x08001c54   0x000007ec   Code   RO          346    i.main              main.o
    0x08002440   0x08002440   0x00000228   Data   RO           10    .constdata          font.o
    0x08002668   0x08002668   0x00000008   Data   RO           11    .constdata          font.o
    0x08002670   0x08002670   0x00000d5c   Data   RO           16    .constdata          font.o
    0x080033cc   0x080033cc   0x00000008   Data   RO           17    .constdata          font.o
    0x080033d4   0x080033d4   0x00000400   Data   RO           22    .constdata          font.o
    0x080037d4   0x080037d4   0x00000008   Data   RO           23    .constdata          font.o
    0x080037dc   0x080037dc   0x00000200   Data   RO           24    .constdata          font.o
    0x080039dc   0x080039dc   0x00000008   Data   RO           25    .constdata          font.o
    0x080039e4   0x080039e4   0x00000012   Data   RO         1272    .constdata          stm32f1xx_hal_rcc.o
    0x080039f6   0x080039f6   0x00000010   Data   RO         2099    .constdata          system_stm32f1xx.o
    0x08003a06   0x08003a06   0x00000008   Data   RO         2100    .constdata          system_stm32f1xx.o
    0x08003a0e   0x08003a0e   0x00000002   PAD
    0x08003a10   0x08003a10   0x00000020   Data   RO         2370    Region$$Table       anon$$obj.o


    Execution Region RW_IRAM1 (Exec base: 0x20000000, Load base: 0x08003a30, Size: 0x00000c38, Max: 0x00005000, ABSOLUTE)

    Exec Addr    Load Addr    Size         Type   Attr      Idx    E Section Name        Object

    0x20000000   0x08003a30   0x00000004   Data   RW           79    .data               oled.o
    0x20000004   0x08003a34   0x00000008   Data   RW          347    .data               main.o
    0x2000000c   0x08003a3c   0x0000000c   Data   RW         1109    .data               stm32f1xx_hal.o
    0x20000018   0x08003a48   0x00000004   Data   RW         2101    .data               system_stm32f1xx.o
    0x2000001c        -       0x00000481   Zero   RW           78    .bss                oled.o
    0x2000049d   0x08003a4c   0x00000003   PAD
    0x200004a0        -       0x00000054   Zero   RW          436    .bss                i2c.o
    0x200004f4        -       0x000000e4   Zero   RW         2168    .bss                c_w.l(rand.o)
    0x200005d8        -       0x00000060   Zero   RW         2299    .bss                c_w.l(libspace.o)
    0x20000638        -       0x00000200   Zero   RW            2    HEAP                startup_stm32f103xb.o
    0x20000838        -       0x00000400   Zero   RW            1    STACK               startup_stm32f103xb.o


==============================================================================

Image component sizes


      Code (inc. data)   RO Data    RW Data    ZI Data      Debug   Object Name

         0          0       5540          0          0       6424   font.o
       192         12          0          0          0        907   gpio.o
       156         26          0          0         84       1553   i2c.o
      2126         66          0          8          0       5049   main.o
      1388         40          0          4       1153     400759   oled.o
        64         26        236          0       1536        792   startup_stm32f103xb.o
       164         28          0         12          0       5749   stm32f1xx_hal.o
       198         14          0          0          0      28819   stm32f1xx_hal_cortex.o
       506         40          0          0          0       3296   stm32f1xx_hal_gpio.o
      1398         32          0          0          0       8945   stm32f1xx_hal_i2c.o
        60          8          0          0          0        838   stm32f1xx_hal_msp.o
      1208         72         18          0          0       4453   stm32f1xx_hal_rcc.o
       280         78          0          0          0       6394   stm32f1xx_it.o
         2          0         24          4          0       1059   system_stm32f1xx.o

    ----------------------------------------------------------------------
      7756        442       5852         28       2776     475037   Object Totals
         0          0         32          0          0          0   (incl. Generated)
        14          0          2          0          3          0   (incl. Padding)

    ----------------------------------------------------------------------

      Code (inc. data)   RO Data    RW Data    ZI Data      Debug   Library Member Name

         8          0          0          0          0         68   __main.o
       104          0          0          0          0         84   __printf.o
         0          0          0          0          0          0   __rtentry.o
        12          0          0          0          0          0   __rtentry2.o
         6          0          0          0          0          0   __rtentry4.o
        52          8          0          0          0          0   __scatter.o
        26          0          0          0          0          0   __scatter_copy.o
        28          0          0          0          0          0   __scatter_zi.o
        48          6          0          0          0         96   _printf_char_common.o
         6          0          0          0          0          0   _printf_d.o
       120         16          0          0          0         92   _printf_dec.o
       178          0          0          0          0         88   _printf_intcommon.o
         0          0          0          0          0          0   _printf_percent.o
         4          0          0          0          0          0   _printf_percent_end.o
        10          0          0          0          0         68   _sputc.o
        18          0          0          0          0         80   exit.o
         6          0          0          0          0        152   heapauxi.o
         0          0          0          0          0          0   indicate_semi.o
         2          0          0          0          0          0   libinit.o
         6          0          0          0          0          0   libinit2.o
         2          0          0          0          0          0   libshutdown.o
         2          0          0          0          0          0   libshutdown2.o
         8          4          0          0         96         68   libspace.o
        40          6          0          0          0         84   noretval__2sprintf.o
       112         18          0          0        228        160   rand.o
        68          0          0          0          0         68   rt_memclr.o
        78          0          0          0          0         80   rt_memclr_w.o
       138          0          0          0          0         68   rt_memcpy_v6.o
       100          0          0          0          0         80   rt_memcpy_w.o
         2          0          0          0          0          0   rtexit.o
        10          0          0          0          0          0   rtexit2.o
        12          4          0          0          0         68   sys_exit.o
        74          0          0          0          0         80   sys_stackheap_outer.o
         2          0          0          0          0         68   use_no_semi.o

    ----------------------------------------------------------------------
      1288         62          0          0        324       1552   Library Totals
         6          0          0          0          0          0   (incl. Padding)

    ----------------------------------------------------------------------

      Code (inc. data)   RO Data    RW Data    ZI Data      Debug   Library Name

      1282         62          0          0        324       1552   c_w.l

    ----------------------------------------------------------------------
      1288         62          0          0        324       1552   Library Totals

    ----------------------------------------------------------------------

==============================================================================


      Code (inc. data)   RO Data    RW Data    ZI Data      Debug   

      9044        504       5852         28       3100     472633   Grand Totals
      9044        504       5852         28       3100     472633   ELF Image Totals
      9044        504       5852         28          0          0   ROM Totals

==============================================================================

    Total RO  Size (Code + RO Data)                14896 (  14.55kB)
    Total RW  Size (RW Data + ZI Data)              3128 (   3.05kB)
    Total ROM Size (Code + RO Data + RW Data)      14924 (  14.57kB)

==============================================================================

